<html>
<body>
<pre>
<h1>µVision Build Log</h1>
<h2>Tool Versions:</h2>
IDE-Version: ¦ÌVision V5.37.0.0
Copyright (C) 2022 ARM Ltd and ARM Germany GmbH. All rights reserved.
License Information: long xzyxzy0224@outlook.com, ee, LIC=BUURY-IG70D-PC7J8-3BG7B-Z3PTW-PKM2Q
 
Tool Versions:
Toolchain:       MDK-ARM Plus  Version: 5.37.0.0
Toolchain Path:  C:\Keil_v5\ARM\ARMCLANG\Bin
C Compiler:      ArmClang.exe V6.18
Assembler:       Armasm.exe V6.18
Linker/Locator:  ArmLink.exe V6.18
Library Manager: ArmAr.exe V6.18
Hex Converter:   FromElf.exe V6.18
CPU DLL:         SARMCM3.DLL V5.37.0.0
Dialog DLL:      DCM.DLL V1.17.5.0
Target DLL:      CMSIS_AGDI.dll V1.33.12.0
Dialog DLL:      TCM.DLL V1.56.1.0
 
<h2>Project:</h2>
D:\OneDrive\Project\cubemx\HAR_CNN_Keras_new_validation\MDK-ARM\started.uvprojx
Project File Date:  10/04/2022

<h2>Output:</h2>
*** Using Compiler 'V6.18', folder: 'C:\Keil_v5\ARM\ARMCLANG\Bin'
Build target 'started'
compiling network_data_params.c...
compiling network_data.c...
compiling stm32msg.pb.c...
compiling pb_common.c...
compiling network.c...
compiling aiPbIO.c...
compiling aiTestHelper.c...
compiling pb_encode.c...
compiling syscalls.c...
compiling aiPbMgr.c...
compiling aiTestUtility.c...
compiling aiValidation.c...
compiling lc_print.c...
compiling pb_decode.c...
compiling app_x-cube-ai.c...
compiling gpio.c...
compiling main.c...
compiling crc.c...
compiling usart.c...
compiling stm32h7xx_it.c...
compiling stm32h7xx_hal_msp.c...
compiling stm32h7xx_hal_crc_ex.c...
compiling stm32h7xx_hal_cortex.c...
compiling stm32h7xx_hal_crc.c...
compiling stm32h7xx_hal_rcc.c...
compiling stm32h7xx_hal_gpio.c...
compiling stm32h7xx_hal_flash.c...
compiling stm32h7xx_hal_hsem.c...
compiling stm32h7xx_hal_flash_ex.c...
compiling stm32h7xx_hal_pwr.c...
compiling stm32h7xx_hal_rcc_ex.c...
compiling stm32h7xx_hal_dma_ex.c...
compiling stm32h7xx_hal_pwr_ex.c...
compiling stm32h7xx_hal_mdma.c...
compiling stm32h7xx_hal.c...
compiling stm32h7xx_hal_dma.c...
compiling stm32h7xx_hal_tim.c...
compiling stm32h7xx_hal_i2c_ex.c...
compiling stm32h7xx_hal_exti.c...
compiling stm32h7xx_hal_tim_ex.c...
compiling system_stm32h7xx.c...
compiling stm32h7xx_hal_uart_ex.c...
compiling stm32h7xx_hal_i2c.c...
compiling stm32h7xx_hal_uart.c...
linking...
Program Size: Code=45784 RO-data=51792 RW-data=2220 ZI-data=7300  
FromELF: creating hex file...
"started\started.axf" - 0 Error(s), 0 Warning(s).

<h2>Software Packages used:</h2>

Package Vendor: ARM
                http://www.keil.com/pack/ARM.CMSIS.5.9.0.pack
                ARM.CMSIS.5.9.0
                CMSIS (Common Microcontroller Software Interface Standard)
   * Component: CORE Version: 5.6.0

Package Vendor: Keil
                http://www.keil.com/pack/Keil.STM32H7xx_DFP.3.0.0.pack
                Keil.STM32H7xx_DFP.3.0.0
                STMicroelectronics STM32H7 Series Device Support and Examples

<h2>Collection of Component include folders:</h2>
  ./RTE/_started
  C:/Users/xzyxz/AppData/Local/Arm/Packs/ARM/CMSIS/5.9.0/CMSIS/Core/Include
  C:/Users/xzyxz/AppData/Local/Arm/Packs/Keil/STM32H7xx_DFP/3.0.0/Drivers/CMSIS/Device/ST/STM32H7xx/Include

<h2>Collection of Component Files used:</h2>

   * Component: ARM::CMSIS:CORE:5.6.0
Build Time Elapsed:  00:00:05
</pre>
</body>
</html>
