Component: Arm Compiler for Embedded 6.18 Tool: armlink [5e4cc100]

==============================================================================

Section Cross References

    startup_stm32h743xx.o(STACK) refers (Special) to heapauxi.o(.text) for __use_two_region_memory
    startup_stm32h743xx.o(HEAP) refers (Special) to heapauxi.o(.text) for __use_two_region_memory
    startup_stm32h743xx.o(RESET) refers (Special) to heapauxi.o(.text) for __use_two_region_memory
    startup_stm32h743xx.o(RESET) refers to startup_stm32h743xx.o(STACK) for __initial_sp
    startup_stm32h743xx.o(RESET) refers to startup_stm32h743xx.o(.text) for Reset_Handler
    startup_stm32h743xx.o(RESET) refers to stm32h7xx_it.o(.text.NMI_Handler) for NMI_Handler
    startup_stm32h743xx.o(RESET) refers to stm32h7xx_it.o(.text.HardFault_Handler) for HardFault_Handler
    startup_stm32h743xx.o(RESET) refers to stm32h7xx_it.o(.text.MemManage_Handler) for MemManage_Handler
    startup_stm32h743xx.o(RESET) refers to stm32h7xx_it.o(.text.BusFault_Handler) for BusFault_Handler
    startup_stm32h743xx.o(RESET) refers to stm32h7xx_it.o(.text.UsageFault_Handler) for UsageFault_Handler
    startup_stm32h743xx.o(RESET) refers to stm32h7xx_it.o(.text.SVC_Handler) for SVC_Handler
    startup_stm32h743xx.o(RESET) refers to stm32h7xx_it.o(.text.DebugMon_Handler) for DebugMon_Handler
    startup_stm32h743xx.o(RESET) refers to stm32h7xx_it.o(.text.PendSV_Handler) for PendSV_Handler
    startup_stm32h743xx.o(RESET) refers to stm32h7xx_it.o(.text.SysTick_Handler) for SysTick_Handler
    startup_stm32h743xx.o(.text) refers (Special) to heapauxi.o(.text) for __use_two_region_memory
    startup_stm32h743xx.o(.text) refers to system_stm32h7xx.o(.text.SystemInit) for SystemInit
    startup_stm32h743xx.o(.text) refers to __main.o(!!!main) for __main
    startup_stm32h743xx.o(.text) refers to startup_stm32h743xx.o(HEAP) for Heap_Mem
    startup_stm32h743xx.o(.text) refers to startup_stm32h743xx.o(STACK) for Stack_Mem
    network.o(.text.ai_network_get_info) refers to ai_platform_interface.o(i.ai_platform_context_acquire) for ai_platform_context_acquire
    network.o(.text.ai_network_get_info) refers to network.o(.rodata.str1.1) for .L.str
    network.o(.text.ai_network_get_info) refers to ai_platform_interface.o(i.ai_platform_runtime_get_revision) for ai_platform_runtime_get_revision
    network.o(.text.ai_network_get_info) refers to ai_platform_interface.o(i.ai_platform_runtime_get_version) for ai_platform_runtime_get_version
    network.o(.text.ai_network_get_info) refers to ai_platform_interface.o(i.ai_platform_api_get_version) for ai_platform_api_get_version
    network.o(.text.ai_network_get_info) refers to ai_platform_interface.o(i.ai_platform_interface_api_get_version) for ai_platform_interface_api_get_version
    network.o(.text.ai_network_get_info) refers to rt_memclr_w.o(.text) for __aeabi_memclr4
    network.o(.text.ai_network_get_info) refers to ai_platform_interface.o(i.ai_platform_api_get_network_report) for ai_platform_api_get_network_report
    network.o(.text.ai_network_get_info) refers to rt_memcpy_w.o(.text) for __aeabi_memcpy4
    network.o(.ARM.exidx.text.ai_network_get_info) refers to network.o(.text.ai_network_get_info) for [Anonymous Symbol]
    network.o(.text.ai_network_get_report) refers to ai_platform_interface.o(i.ai_platform_context_acquire) for ai_platform_context_acquire
    network.o(.text.ai_network_get_report) refers to network.o(.rodata.str1.1) for .L.str
    network.o(.text.ai_network_get_report) refers to ai_platform_interface.o(i.ai_platform_runtime_get_revision) for ai_platform_runtime_get_revision
    network.o(.text.ai_network_get_report) refers to ai_platform_interface.o(i.ai_platform_runtime_get_version) for ai_platform_runtime_get_version
    network.o(.text.ai_network_get_report) refers to ai_platform_interface.o(i.ai_platform_api_get_version) for ai_platform_api_get_version
    network.o(.text.ai_network_get_report) refers to ai_platform_interface.o(i.ai_platform_interface_api_get_version) for ai_platform_interface_api_get_version
    network.o(.text.ai_network_get_report) refers to rt_memclr_w.o(.text) for __aeabi_memclr4
    network.o(.text.ai_network_get_report) refers to ai_platform_interface.o(i.ai_platform_api_get_network_report) for ai_platform_api_get_network_report
    network.o(.text.ai_network_get_report) refers to rt_memcpy_w.o(.text) for __aeabi_memcpy4
    network.o(.ARM.exidx.text.ai_network_get_report) refers to network.o(.text.ai_network_get_report) for [Anonymous Symbol]
    network.o(.text.ai_network_get_error) refers to ai_platform_interface.o(i.ai_platform_network_get_error) for ai_platform_network_get_error
    network.o(.ARM.exidx.text.ai_network_get_error) refers to network.o(.text.ai_network_get_error) for [Anonymous Symbol]
    network.o(.text.ai_network_create) refers to network.o(.data.g_network) for g_network
[...]
    aiPbMgrSendAck                           0x08004a39   Thumb Code    64  aipbmgr.o(.text.aiPbMgrSendAck)
    aiPbMgrSendAiBuffer4                     0x08004a79   Thumb Code   304  aipbmgr.o(.text.aiPbMgrSendAiBuffer4)
    aiPbMgrSendNNInfo                        0x08004ba9   Thumb Code   868  aipbmgr.o(.text.aiPbMgrSendNNInfo)
    aiPbMgrSendResp                          0x08004f11   Thumb Code    42  aipbmgr.o(.text.aiPbMgrSendResp)
    aiPbMgrWaitAck                           0x08004f41   Thumb Code    44  aipbmgr.o(.text.aiPbMgrWaitAck)
    aiPbMgrWaitAndProcess                    0x08004f71   Thumb Code   216  aipbmgr.o(.text.aiPbMgrWaitAndProcess)
    aiPlatformVersion                        0x08005049   Thumb Code    44  aitesthelper.o(.text.aiPlatformVersion)
    aiPrintBufferInfo                        0x080050a9   Thumb Code   800  aitesthelper.o(.text.aiPrintBufferInfo)
    aiPrintNetworkInfo                       0x08005459   Thumb Code   420  aitesthelper.o(.text.aiPrintNetworkInfo)
    aiValidationInit                         0x08005691   Thumb Code   196  aivalidation.o(.text.aiValidationInit)
    aiValidationProcess                      0x080057d1   Thumb Code   396  aivalidation.o(.text.aiValidationProcess)
    ai_mnetwork_create                       0x080059e9   Thumb Code   146  app_x-cube-ai.o(.text.ai_mnetwork_create)
    ai_mnetwork_destroy                      0x08005a81   Thumb Code    40  app_x-cube-ai.o(.text.ai_mnetwork_destroy)
    ai_mnetwork_find                         0x08005aa9   Thumb Code    80  app_x-cube-ai.o(.text.ai_mnetwork_find)
    ai_mnetwork_get_error                    0x08005af9   Thumb Code    26  app_x-cube-ai.o(.text.ai_mnetwork_get_error)
    ai_mnetwork_get_private_handle           0x08005b19   Thumb Code   110  app_x-cube-ai.o(.text.ai_mnetwork_get_private_handle)
    ai_mnetwork_get_report                   0x08005b89   Thumb Code    24  app_x-cube-ai.o(.text.ai_mnetwork_get_report)
    ai_mnetwork_init                         0x08005ba1   Thumb Code    84  app_x-cube-ai.o(.text.ai_mnetwork_init)
    ai_mnetwork_run                          0x08005bf9   Thumb Code    26  app_x-cube-ai.o(.text.ai_mnetwork_run)
    ai_network_create                        0x08005c19   Thumb Code    34  network.o(.text.ai_network_create)
    ai_network_data_params_get               0x08005c41   Thumb Code    56  network_data.o(.text.ai_network_data_params_get)
    ai_network_destroy                       0x08005c79   Thumb Code     4  network.o(.text.ai_network_destroy)
    ai_network_forward                       0x08005c81   Thumb Code     6  network.o(.text.ai_network_forward)
    ai_network_get_error                     0x08005c89   Thumb Code     4  network.o(.text.ai_network_get_error)
    ai_network_get_report                    0x08005c91   Thumb Code   182  network.o(.text.ai_network_get_report)
    ai_network_init                          0x08005d49   Thumb Code   314  network.o(.text.ai_network_init)
    ai_network_run                           0x08005e89   Thumb Code     4  network.o(.text.ai_network_run)
    crcIpInit                                0x08005f19   Thumb Code    32  aitestutility.o(.text.crcIpInit)
    dwtCyclesToFloatMs                       0x08006419   Thumb Code    56  aitestutility.o(.text.dwtCyclesToFloatMs)
    dwtCyclesToTime                          0x08006451   Thumb Code   148  aitestutility.o(.text.dwtCyclesToTime)
    getFlashCacheConf                        0x080068b9   Thumb Code    72  aitestutility.o(.text.getFlashCacheConf)
    ioRawDisableLLWrite                      0x08006901   Thumb Code    14  aitestutility.o(.text.ioRawDisableLLWrite)
    ioRawReadBuffer                          0x08006911   Thumb Code    32  aitestutility.o(.text.ioRawReadBuffer)
    ioRawWriteBuffer                         0x08006931   Thumb Code    32  aitestutility.o(.text.ioRawWriteBuffer)
    lc_print                                 0x08006951   Thumb Code    42  aitestutility.o(.text.lc_print)
    main                                     0x08006981   Thumb Code   294  main.o(.text.main)
    pb_decode_delimited                      0x08007269   Thumb Code   154  pb_decode.o(.text.pb_decode_delimited)
    pb_decode_noinit                         0x08007309   Thumb Code   598  pb_decode.o(.text.pb_decode_noinit)
    pb_decode_varint                         0x08007561   Thumb Code   540  pb_decode.o(.text.pb_decode_varint)
    pb_encode                                0x08007d51   Thumb Code   122  pb_encode.o(.text.pb_encode)
    pb_encode_string                         0x08007dd1   Thumb Code   110  pb_encode.o(.text.pb_encode_string)
    pb_encode_submessage                     0x08007e41   Thumb Code   188  pb_encode.o(.text.pb_encode_submessage)
    pb_encode_tag_for_field                  0x08007f11   Thumb Code    72  pb_encode.o(.text.pb_encode_tag_for_field)
    pb_encode_varint                         0x08007f59   Thumb Code   302  pb_encode.o(.text.pb_encode_varint)
    pb_field_iter_begin                      0x08008089   Thumb Code    38  pb_common.o(.text.pb_field_iter_begin)
    pb_field_iter_find                       0x080080b1   Thumb Code   186  pb_common.o(.text.pb_field_iter_find)
    pb_field_iter_next                       0x08008171   Thumb Code   168  pb_common.o(.text.pb_field_iter_next)
    pb_io_flush_istream                      0x08008319   Thumb Code    18  aipbio.o(.text.pb_io_flush_istream)
    pb_io_flush_ostream                      0x08008331   Thumb Code    32  aipbio.o(.text.pb_io_flush_ostream)
    pb_io_istream                            0x08008351   Thumb Code    24  aipbio.o(.text.pb_io_istream)
    pb_io_ostream                            0x08008369   Thumb Code    26  aipbio.o(.text.pb_io_ostream)
    pb_io_stream_init                        0x08008389   Thumb Code    10  aipbio.o(.text.pb_io_stream_init)
    pb_read                                  0x08008399   Thumb Code   140  pb_decode.o(.text.pb_read)
    pb_skip_field                            0x08008429   Thumb Code   330  pb_decode.o(.text.pb_skip_field)
    systemSettingLog                         0x08008641   Thumb Code   336  aitestutility.o(.text.systemSettingLog)
    vlc_print                                0x08008821   Thumb Code  1240  lc_print.o(.text.vlc_print)
    __ARM_fpclassifyf                        0x08008fed   Thumb Code    38  fpclassifyf.o(i.__ARM_fpclassifyf)
    __hardfp_expf                            0x0800910d   Thumb Code   430  expf.o(i.__hardfp_expf)
    __mathlib_expf                           0x0800910d   Thumb Code     0  expf.o(i.__hardfp_expf)
    __mathlib_flt_infnan                     0x080092f9   Thumb Code     6  funder.o(i.__mathlib_flt_infnan)
    __mathlib_flt_overflow                   0x08009301   Thumb Code    10  funder.o(i.__mathlib_flt_overflow)
    __mathlib_flt_underflow                  0x08009311   Thumb Code    10  funder.o(i.__mathlib_flt_underflow)
    _ai_platform_acquire_crc                 0x0800955f   Thumb Code     4  ai_platform_interface.o(i._ai_platform_acquire_crc)
    _ai_platform_release_crc                 0x08009635   Thumb Code     2  ai_platform_interface.o(i._ai_platform_release_crc)
    ai_array_get_byte_size                   0x08009b2f   Thumb Code    60  ai_datatypes_format.o(i.ai_array_get_byte_size)
    ai_array_get_data_byte_size              0x08009b6b   Thumb Code    30  ai_datatypes_format.o(i.ai_array_get_data_byte_size)
    ai_array_to_buffer_fmt                   0x08009b89   Thumb Code   246  ai_datatypes_format.o(i.ai_array_to_buffer_fmt)
    ai_buffer_array_item_set_address         0x08009cb5   Thumb Code    36  ai_platform.o(i.ai_buffer_array_item_set_address)
    ai_buffer_array_sane                     0x08009cd9   Thumb Code    18  ai_platform.o(i.ai_buffer_array_sane)
    ai_buffer_get_byte_size                  0x08009ceb   Thumb Code    16  ai_platform.o(i.ai_buffer_get_byte_size)
    ai_buffer_get_size                       0x08009cfd   Thumb Code    96  ai_platform.o(i.ai_buffer_get_size)
    ai_check_custom_types                    0x08009d65   Thumb Code    38  layers.o(i.ai_check_custom_types)
    ai_dict_decompress_f32                   0x0800a421   Thumb Code   122  layers_conv2d_generic_float.o(i.ai_dict_decompress_f32)
    ai_layers_destroy_all                    0x0800a49b   Thumb Code    54  layers.o(i.ai_layers_destroy_all)
    ai_layers_forward_all                    0x0800a4d1   Thumb Code    78  layers.o(i.ai_layers_forward_all)
    ai_layers_init_all                       0x0800a51f   Thumb Code    30  layers.o(i.ai_layers_init_all)
    ai_layers_post_init_all                  0x0800a53d   Thumb Code    54  layers.o(i.ai_layers_post_init_all)
    ai_platform_api_get_network_report       0x0800a575   Thumb Code   370  ai_platform_interface.o(i.ai_platform_api_get_network_report)
    ai_platform_api_get_version              0x0800a701   Thumb Code    14  ai_platform_interface.o(i.ai_platform_api_get_version)
    ai_platform_bind_network_params          0x0800a715   Thumb Code    38  ai_platform_interface.o(i.ai_platform_bind_network_params)
    ai_platform_context_acquire              0x0800a741   Thumb Code    24  ai_platform_interface.o(i.ai_platform_context_acquire)
    ai_platform_get_activations_map          0x0800a75d   Thumb Code    38  ai_platform_interface.o(i.ai_platform_get_activations_map)
    ai_platform_get_weights_map              0x0800a789   Thumb Code    36  ai_platform_interface.o(i.ai_platform_get_weights_map)
    ai_platform_interface_api_get_version    0x0800a7b1   Thumb Code    14  ai_platform_interface.o(i.ai_platform_interface_api_get_version)
    ai_platform_network_create               0x0800a7c5   Thumb Code   168  ai_platform_interface.o(i.ai_platform_network_create)
    ai_platform_network_destroy              0x0800a879   Thumb Code    22  ai_platform_interface.o(i.ai_platform_network_destroy)
    ai_platform_network_get_error            0x0800a891   Thumb Code    24  ai_platform_interface.o(i.ai_platform_network_get_error)
    ai_platform_network_init                 0x0800a8ad   Thumb Code   256  ai_platform_interface.o(i.ai_platform_network_init)
    ai_platform_network_post_init            0x0800a9b9   Thumb Code    70  ai_platform_interface.o(i.ai_platform_network_post_init)
    ai_platform_network_process              0x0800a9ff   Thumb Code    84  ai_platform_interface.o(i.ai_platform_network_process)
    ai_platform_network_set_error            0x0800aa53   Thumb Code    12  ai_platform_interface.o(i.ai_platform_network_set_error)
    ai_platform_observer_register_s          0x0800aa61   Thumb Code    80  ai_platform_interface.o(i.ai_platform_observer_register_s)
    ai_platform_observer_unregister_s        0x0800aab5   Thumb Code    34  ai_platform_interface.o(i.ai_platform_observer_unregister_s)
    ai_platform_runtime_get_revision         0x0800aad9   Thumb Code    10  ai_platform_interface.o(i.ai_platform_runtime_get_revision)
    ai_platform_runtime_get_version          0x0800aae9   Thumb Code    14  ai_platform_interface.o(i.ai_platform_runtime_get_version)
    ai_platform_version_get                  0x0800aafd   Thumb Code    22  ai_datatypes_internal.o(i.ai_platform_version_get)
    ai_version_get                           0x0800ab2d   Thumb Code    12  ai_datatypes_internal.o(i.ai_version_get)
    core_get_error                           0x0800ab39   Thumb Code    12  core_common.o(i.core_get_error)
    core_init                                0x0800ab45   Thumb Code     4  core_common.o(i.core_init)
    core_set_error                           0x0800ab7d   Thumb Code    26  core_common.o(i.core_set_error)
    forward_conv2d                           0x0800ab99   Thumb Code   696  layers_conv2d_generic_float.o(i.forward_conv2d)
    forward_dense                            0x0800ae55   Thumb Code   518  layers_conv2d_generic_float.o(i.forward_dense)
    forward_relu                             0x0800b061   Thumb Code   154  layers_nl_generic_float.o(i.forward_relu)
    forward_sm                               0x0800b0fb   Thumb Code   108  layers_nl_generic_float.o(i.forward_sm)
    get_tensor_byte_size                     0x0800b169   Thumb Code    34  ai_datatypes_internal.o(i.get_tensor_byte_size)
    get_tensor_size                          0x0800b191   Thumb Code    34  ai_datatypes_internal.o(i.get_tensor_size)
    nl_func_relu_array_f32                   0x0800b1b5   Thumb Code    52  layers_nl_generic_float.o(i.nl_func_relu_array_f32)
    nl_func_relu_generic_array_f32           0x0800b1ed   Thumb Code   194  layers_nl_generic_float.o(i.nl_func_relu_generic_array_f32)
    nl_func_relu_thresholded_array_f32       0x0800b2b5   Thumb Code    66  layers_nl_generic_float.o(i.nl_func_relu_thresholded_array_f32)
    nl_func_sm_array_f32                     0x0800b2fd   Thumb Code    78  layers_nl_generic_float.o(i.nl_func_sm_array_f32)
    nl_func_sm_channel_f32                   0x0800b34d   Thumb Code   142  layers_nl_generic_float.o(i.nl_func_sm_channel_f32)
    __fpl_dnaninf                            0x0800b3e1   Thumb Code   156  dnaninf.o(x$fpl$dnaninf)
    __aeabi_ul2f                             0x0800b47d   Thumb Code     0  ffltll_clz.o(x$fpl$ffltll)
    _ll_uto_f                                0x0800b47d   Thumb Code     6  ffltll_clz.o(x$fpl$ffltll)
    __aeabi_l2f                              0x0800b483   Thumb Code     0  ffltll_clz.o(x$fpl$ffltll)
    _ll_sto_f                                0x0800b483   Thumb Code    90  ffltll_clz.o(x$fpl$ffltll)
    _fp_init                                 0x0800b4dd   Thumb Code    26  fpinit.o(x$fpl$fpinit)
    __fplib_config_fpu_vfp                   0x0800b4f5   Thumb Code     0  fpinit.o(x$fpl$fpinit)
    __fplib_config_pureend_doubles           0x0800b4f5   Thumb Code     0  fpinit.o(x$fpl$fpinit)
    __aeabi_d2ulz                            0x0800b4f9   Thumb Code     0  dfixull.o(x$fpl$llufromd)
    _ll_ufrom_d                              0x0800b4f9   Thumb Code   120  dfixull.o(x$fpl$llufromd)
    __I$use$fp                               0x0800b570   Number         0  usenofp.o(x$fpl$usenofp)
    D1CorePrescTable                         0x0800b636   Data          16  system_stm32h7xx.o(.rodata.D1CorePrescTable)
    UARTPrescTable                           0x0800b646   Data          24  stm32h7xx_hal_uart.o(.rodata.UARTPrescTable)
    ackMsg_fields                            0x0800b65e   Data          45  stm32msg.pb.o(.rodata.ackMsg_fields)
    aiBufferByteMsg_fields                   0x0800b68b   Data          45  stm32msg.pb.o(.rodata.aiBufferByteMsg_fields)
    aiBufferShapeMsg_addr_default            0x0800b6b8   Data           4  stm32msg.pb.o(.rodata.aiBufferShapeMsg_addr_default)
    aiBufferShapeMsg_channels_default        0x0800b6bc   Data           4  stm32msg.pb.o(.rodata.aiBufferShapeMsg_channels_default)
    aiBufferShapeMsg_depth_default           0x0800b6c0   Data           4  stm32msg.pb.o(.rodata.aiBufferShapeMsg_depth_default)
    aiBufferShapeMsg_extension_default       0x0800b6c4   Data           4  stm32msg.pb.o(.rodata.aiBufferShapeMsg_extension_default)
    aiBufferShapeMsg_fields                  0x0800b6c8   Data         165  stm32msg.pb.o(.rodata.aiBufferShapeMsg_fields)
    aiBufferShapeMsg_format_default          0x0800b770   Data           4  stm32msg.pb.o(.rodata.aiBufferShapeMsg_format_default)
    aiBufferShapeMsg_height_default          0x0800b774   Data           4  stm32msg.pb.o(.rodata.aiBufferShapeMsg_height_default)
    aiBufferShapeMsg_n_batches_default       0x0800b778   Data           4  stm32msg.pb.o(.rodata.aiBufferShapeMsg_n_batches_default)
    aiBufferShapeMsg_scale_default           0x0800b77c   Data           4  stm32msg.pb.o(.rodata.aiBufferShapeMsg_scale_default)
    aiBufferShapeMsg_width_default           0x0800b780   Data           4  stm32msg.pb.o(.rodata.aiBufferShapeMsg_width_default)
    aiBufferShapeMsg_zeropoint_default       0x0800b784   Data           4  stm32msg.pb.o(.rodata.aiBufferShapeMsg_zeropoint_default)
    aiNetworkInfoMsg_fields                  0x0800b788   Data         315  stm32msg.pb.o(.rodata.aiNetworkInfoMsg_fields)
    aiRunReportMsg_fields                    0x0800b8c3   Data          90  stm32msg.pb.o(.rodata.aiRunReportMsg_fields)
    logMsg_fields                            0x0800b960   Data          45  stm32msg.pb.o(.rodata.logMsg_fields)
    nodeMsg_fields                           0x0800b9bc   Data          75  stm32msg.pb.o(.rodata.nodeMsg_fields)
    reqMsg_cmd_default                       0x0800ba07   Data           1  stm32msg.pb.o(.rodata.reqMsg_cmd_default)
    reqMsg_fields                            0x0800ba08   Data          90  stm32msg.pb.o(.rodata.reqMsg_fields)
    respMsg_fields                           0x0800ba62   Data         150  stm32msg.pb.o(.rodata.respMsg_fields)
    s_network_weights_array_u64              0x0800bb00   Data       48304  network_data_params.o(.rodata.s_network_weights_array_u64)
    syncMsg_fields                           0x08017c81   Data          60  stm32msg.pb.o(.rodata.syncMsg_fields)
    sysinfoMsg_fields                        0x08017cbd   Data          75  stm32msg.pb.o(.rodata.sysinfoMsg_fields)
    Region$$Table$$Base                      0x08017d08   Number         0  anon$$obj.o(Region$$Table)
    Region$$Table$$Limit                     0x08017d28   Number         0  anon$$obj.o(Region$$Table)
    uwTickFreq                               0x24000070   Data           1  stm32h7xx_hal.o(.data..L_MergedGlobals)
    uwTickPrio                               0x24000074   Data           4  stm32h7xx_hal.o(.data..L_MergedGlobals)
    SystemCoreClock                          0x24000078   Data           4  system_stm32h7xx.o(.data..L_MergedGlobals)
    SystemD2Clock                            0x2400007c   Data           4  system_stm32h7xx.o(.data..L_MergedGlobals)
    data_activations0                        0x2400066c   Data           4  app_x-cube-ai.o(.data.data_activations0)
    data_ins                                 0x24000670   Data           4  app_x-cube-ai.o(.data.data_ins)
    data_outs                                0x24000674   Data           4  app_x-cube-ai.o(.data.data_outs)
    g_network_data_map_activations           0x2400081c   Data          28  network_data.o(.data.g_network_data_map_activations)
    g_network_data_map_weights               0x24000838   Data          28  network_data.o(.data.g_network_data_map_weights)
    __libspace_start                         0x240008c0   Data          96  libspace.o(.bss)
    __temporary_stack_top$libspace           0x24000920   Data           0  libspace.o(.bss)
    cyclesCount                              0x240009fc   Data          12  aitestutility.o(.bss.cyclesCount)
    data_in_1                                0x24000a08   Data           1  app_x-cube-ai.o(.bss.data_in_1)
    data_out_1                               0x24000a0c   Data           1  app_x-cube-ai.o(.bss.data_out_1)
    hcrc                                     0x24000a50   Data          36  crc.o(.bss.hcrc)
    huart1                                   0x24000a74   Data         144  usart.o(.bss.huart1)
    net_exec_ctx                             0x24000b04   Data         132  aivalidation.o(.bss.net_exec_ctx)
    net_obs_ctx                              0x24000b88   Data          64  aivalidation.o(.bss.net_obs_ctx)
    uwTick                                   0x2400152c   Data           4  stm32h7xx_hal.o(.bss.uwTick)



==============================================================================

Memory Map of the image

  Image Entry point : 0x08000299

  Load Region LR_IROM1 (Base: 0x08000000, Size: 0x00018600, Max: 0x00200000, ABSOLUTE, COMPRESSED[0x00018080])

    Execution Region ER_IROM1 (Exec base: 0x08000000, Load base: 0x08000000, Size: 0x00017d28, Max: 0x00200000, ABSOLUTE)

    Exec Addr    Load Addr    Size         Type   Attr      Idx    E Section Name        Object

    0x08000000   0x08000000   0x00000298   Data   RO            3    RESET               startup_stm32h743xx.o
    0x08000298   0x08000298   0x00000008   Code   RO         2669  * !!!main             c_w.l(__main.o)
    0x080002a0   0x080002a0   0x00000034   Code   RO         3068    !!!scatter          c_w.l(__scatter.o)
    0x080002d4   0x080002d4   0x0000005a   Code   RO         3066    !!dczerorl2         c_w.l(__dczerorl2.o)
    0x0800032e   0x0800032e   0x00000002   PAD
    0x08000330   0x08000330   0x0000001c   Code   RO         3070    !!handler_zi        c_w.l(__scatter_zi.o)
    0x0800034c   0x0800034c   0x00000002   Code   RO         3001    .ARM.Collect$$libinit$$00000000  c_w.l(libinit.o)
    0x0800034e   0x0800034e   0x00000004   Code   RO         2836    .ARM.Collect$$libinit$$00000001  c_w.l(libinit2.o)
    0x08000352   0x08000352   0x00000000   Code   RO         2839    .ARM.Collect$$libinit$$00000004  c_w.l(libinit2.o)
    0x08000352   0x08000352   0x00000000   Code   RO         2841    .ARM.Collect$$libinit$$00000006  c_w.l(libinit2.o)
    0x08000352   0x08000352   0x00000008   Code   RO         2842    .ARM.Collect$$libinit$$00000007  c_w.l(libinit2.o)
    0x0800035a   0x0800035a   0x00000000   Code   RO         2844    .ARM.Collect$$libinit$$0000000C  c_w.l(libinit2.o)
    0x0800035a   0x0800035a   0x00000000   Code   RO         2846    .ARM.Collect$$libinit$$0000000E  c_w.l(libinit2.o)
    0x0800035a   0x0800035a   0x00000000   Code   RO         2848    .ARM.Collect$$libinit$$00000010  c_w.l(libinit2.o)
    0x0800035a   0x0800035a   0x00000000   Code   RO         2851    .ARM.Collect$$libinit$$00000013  c_w.l(libinit2.o)
    0x0800035a   0x0800035a   0x00000000   Code   RO         2853    .ARM.Collect$$libinit$$00000015  c_w.l(libinit2.o)
    0x0800035a   0x0800035a   0x00000000   Code   RO         2855    .ARM.Collect$$libinit$$00000017  c_w.l(libinit2.o)
    0x0800035a   0x0800035a   0x00000000   Code   RO         2857    .ARM.Collect$$libinit$$00000019  c_w.l(libinit2.o)
    0x0800035a   0x0800035a   0x00000000   Code   RO         2859    .ARM.Collect$$libinit$$0000001B  c_w.l(libinit2.o)
    0x0800035a   0x0800035a   0x00000000   Code   RO         2861    .ARM.Collect$$libinit$$0000001D  c_w.l(libinit2.o)
    0x0800035a   0x0800035a   0x00000000   Code   RO         2863    .ARM.Collect$$libinit$$0000001F  c_w.l(libinit2.o)
    0x0800035a   0x0800035a   0x00000000   Code   RO         2865    .ARM.Collect$$libinit$$00000021  c_w.l(libinit2.o)
    0x0800035a   0x0800035a   0x00000000   Code   RO         2867    .ARM.Collect$$libinit$$00000023  c_w.l(libinit2.o)
    0x0800035a   0x0800035a   0x00000000   Code   RO         2869    .ARM.Collect$$libinit$$00000025  c_w.l(libinit2.o)
    0x0800035a   0x0800035a   0x00000000   Code   RO         2871    .ARM.Collect$$libinit$$00000027  c_w.l(libinit2.o)
    0x0800035a   0x0800035a   0x00000000   Code   RO         2875    .ARM.Collect$$libinit$$0000002E  c_w.l(libinit2.o)
    0x0800035a   0x0800035a   0x00000000   Code   RO         2877    .ARM.Collect$$libinit$$00000030  c_w.l(libinit2.o)
    0x0800035a   0x0800035a   0x00000000   Code   RO         2879    .ARM.Collect$$libinit$$00000032  c_w.l(libinit2.o)
    0x0800035a   0x0800035a   0x00000000   Code   RO         2881    .ARM.Collect$$libinit$$00000034  c_w.l(libinit2.o)
    0x0800035a   0x0800035a   0x00000002   Code   RO         2882    .ARM.Collect$$libinit$$00000035  c_w.l(libinit2.o)
    0x0800035c   0x0800035c   0x00000002   Code   RO         3063    .ARM.Collect$$libshutdown$$00000000  c_w.l(libshutdown.o)
    0x0800035e   0x0800035e   0x00000000   Code   RO         3019    .ARM.Collect$$libshutdown$$00000002  c_w.l(libshutdown2.o)
    0x0800035e   0x0800035e   0x00000000   Code   RO         3021    .ARM.Collect$$libshutdown$$00000004  c_w.l(libshutdown2.o)
    0x0800035e   0x0800035e   0x00000000   Code   RO         3024    .ARM.Collect$$libshutdown$$00000007  c_w.l(libshutdown2.o)
    0x0800035e   0x0800035e   0x00000000   Code   RO         3027    .ARM.Collect$$libshutdown$$0000000A  c_w.l(libshutdown2.o)
    0x0800035e   0x0800035e   0x00000000   Code   RO         3029    .ARM.Collect$$libshutdown$$0000000C  c_w.l(libshutdown2.o)
    0x0800035e   0x0800035e   0x00000000   Code   RO         3032    .ARM.Collect$$libshutdown$$0000000F  c_w.l(libshutdown2.o)
    0x0800035e   0x0800035e   0x00000002   Code   RO         3033    .ARM.Collect$$libshutdown$$00000010  c_w.l(libshutdown2.o)
    0x08000360   0x08000360   0x00000000   Code   RO         2804    .ARM.Collect$$rtentry$$00000000  c_w.l(__rtentry.o)
    0x08000360   0x08000360   0x00000000   Code   RO         2933    .ARM.Collect$$rtentry$$00000002  c_w.l(__rtentry2.o)
    0x08000360   0x08000360   0x00000006   Code   RO         2945    .ARM.Collect$$rtentry$$00000004  c_w.l(__rtentry4.o)
    0x08000366   0x08000366   0x00000000   Code   RO         2935    .ARM.Collect$$rtentry$$00000009  c_w.l(__rtentry2.o)
    0x08000366   0x08000366   0x00000004   Code   RO         2936    .ARM.Collect$$rtentry$$0000000A  c_w.l(__rtentry2.o)
    0x0800036a   0x0800036a   0x00000000   Code   RO         2938    .ARM.Collect$$rtentry$$0000000C  c_w.l(__rtentry2.o)
    0x0800036a   0x0800036a   0x00000008   Code   RO         2939    .ARM.Collect$$rtentry$$0000000D  c_w.l(__rtentry2.o)
    0x08000372   0x08000372   0x00000002   Code   RO         3006    .ARM.Collect$$rtexit$$00000000  c_w.l(rtexit.o)
    0x08000374   0x08000374   0x00000000   Code   RO         3039    .ARM.Collect$$rtexit$$00000002  c_w.l(rtexit2.o)
    0x08000374   0x08000374   0x00000004   Code   RO         3040    .ARM.Collect$$rtexit$$00000003  c_w.l(rtexit2.o)
    0x08000378   0x08000378   0x00000006   Code   RO         3041    .ARM.Collect$$rtexit$$00000004  c_w.l(rtexit2.o)
    0x0800037e   0x0800037e   0x00000002   PAD
    0x08000380   0x08000380   0x00000040   Code   RO            4    .text               startup_stm32h743xx.o
    0x080003c0   0x080003c0   0x0000005e   Code   RO         2585    .text               c_w.l(h1_alloc.o)
    0x0800041e   0x0800041e   0x0000004e   Code   RO         2587    .text               c_w.l(h1_free.o)
    0x0800046c   0x0800046c   0x000000f0   Code   RO         2647    .text               c_w.l(lludivv7m.o)
    0x0800055c   0x0800055c   0x00000058   Code   RO         2649    .text               c_w.l(memcmp.o)
    0x080005b4   0x080005b4   0x0000003e   Code   RO         2651    .text               c_w.l(strlen.o)
    0x080005f2   0x080005f2   0x00000096   Code   RO         2653    .text               c_w.l(strncmp.o)
    0x08000688   0x08000688   0x0000008a   Code   RO         2655    .text               c_w.l(rt_memcpy_v6.o)
    0x08000712   0x08000712   0x00000064   Code   RO         2657    .text               c_w.l(rt_memcpy_w.o)
    0x08000776   0x08000776   0x00000010   Code   RO         2659    .text               c_w.l(aeabi_memset.o)
    0x08000786   0x08000786   0x00000044   Code   RO         2661    .text               c_w.l(rt_memclr.o)
    0x080007ca   0x080007ca   0x0000004e   Code   RO         2663    .text               c_w.l(rt_memclr_w.o)
    0x08000818   0x08000818   0x00000006   Code   RO         2667    .text               c_w.l(heapauxi.o)
    0x0800081e   0x0800081e   0x00000002   PAD
    0x08000820   0x08000820   0x00000008   Code   RO         2812    .text               c_w.l(rt_heap_descriptor_intlibspace.o)
    0x08000828   0x08000828   0x00000004   Code   RO         2814    .text               c_w.l(hguard.o)
    0x0800082c   0x0800082c   0x0000008a   Code   RO         2816    .text               c_w.l(init_alloc.o)
    0x080008b6   0x080008b6   0x0000000e   Code   RO         2820    .text               c_w.l(h1_init.o)
    0x080008c4   0x080008c4   0x00000016   Code   RO         2832    .text               c_w.l(_rserrno.o)
    0x080008da   0x080008da   0x00000002   PAD
    0x080008dc   0x080008dc   0x00000008   Code   RO         2929    .text               c_w.l(libspace.o)
    0x080008e4   0x080008e4   0x00000008   Code   RO         2952    .text               c_w.l(rt_errno_addr_intlibspace.o)
    0x080008ec   0x080008ec   0x00000000   Code   RO         2956    .text               c_w.l(maybetermalloc1.o)
    0x080008ec   0x080008ec   0x00000034   Code   RO         2958    .text               c_w.l(h1_extend.o)
    0x08000920   0x08000920   0x0000000e   Code   RO         2962    .text               c_w.l(defsig_rtmem_outer.o)
    0x0800092e   0x0800092e   0x00000002   Code   RO         2973    .text               c_w.l(use_no_semi.o)
    0x08000930   0x08000930   0x00000000   Code   RO         2975    .text               c_w.l(indicate_semi.o)
    0x08000930   0x08000930   0x0000004a   Code   RO         2976    .text               c_w.l(sys_stackheap_outer.o)
    0x0800097a   0x0800097a   0x00000012   Code   RO         2982    .text               c_w.l(exit.o)
    0x0800098c   0x0800098c   0x0000000a   Code   RO         2984    .text               c_w.l(defsig_exit.o)
    0x08000996   0x08000996   0x00000002   PAD
    0x08000998   0x08000998   0x00000050   Code   RO         2990    .text               c_w.l(defsig_rtmem_inner.o)
    0x080009e8   0x080009e8   0x0000000c   Code   RO         3002    .text               c_w.l(sys_exit.o)
    0x080009f4   0x080009f4   0x00000032   Code   RO         3014    .text               c_w.l(defsig_general.o)
    0x08000a26   0x08000a26   0x0000000e   Code   RO         3034    .text               c_w.l(sys_wrch.o)
    0x08000a34   0x08000a34   0x00000004   PAD
    0x08000a38   0x08000a38   0x00000002   Code   RO          647    .text.BusFault_Handler  stm32h7xx_it.o
    0x08000a3a   0x08000a3a   0x00000006   PAD
    0x08000a40   0x08000a40   0x00000002   Code   RO          653    .text.DebugMon_Handler  stm32h7xx_it.o
    0x08000a42   0x08000a42   0x00000006   PAD
    0x08000a48   0x08000a48   0x0000000a   Code   RO          592    .text.Error_Handler  main.o
    0x08000a52   0x08000a52   0x00000006   PAD
    0x08000a58   0x08000a58   0x0000008c   Code   RO          744    .text.HAL_CRCEx_Polynomial_Set  stm32h7xx_hal_crc_ex.o
    0x08000ae4   0x08000ae4   0x00000004   PAD
    0x08000ae8   0x08000ae8   0x0000007e   Code   RO          722    .text.HAL_CRC_Init  stm32h7xx_hal_crc.o
    0x08000b66   0x08000b66   0x00000002   PAD
    0x08000b68   0x08000b68   0x0000002e   Code   RO          613    .text.HAL_CRC_MspInit  crc.o
    0x08000b96   0x08000b96   0x00000002   PAD
    0x08000b98   0x08000b98   0x00000028   Code   RO         1235    .text.HAL_Delay     stm32h7xx_hal.o
    0x08000bc0   0x08000bc0   0x000001e6   Code   RO          923    .text.HAL_GPIO_Init  stm32h7xx_hal_gpio.o
    0x08000da6   0x08000da6   0x00000002   PAD
    0x08000da8   0x08000da8   0x00000010   Code   RO         1245    .text.HAL_GetDEVID  stm32h7xx_hal.o
    0x08000db8   0x08000db8   0x00000008   Code   RO         1241    .text.HAL_GetHalVersion  stm32h7xx_hal.o
    0x08000dc0   0x08000dc0   0x0000000e   Code   RO         1243    .text.HAL_GetREVID  stm32h7xx_hal.o
    0x08000dce   0x08000dce   0x00000002   PAD
    0x08000dd0   0x08000dd0   0x0000000c   Code   RO         1227    .text.HAL_GetTick   stm32h7xx_hal.o
    0x08000ddc   0x08000ddc   0x00000004   PAD
    0x08000de0   0x08000de0   0x0000001a   Code   RO         1225    .text.HAL_IncTick   stm32h7xx_hal.o
    0x08000dfa   0x08000dfa   0x00000006   PAD
    0x08000e00   0x08000e00   0x00000064   Code   RO         1215    .text.HAL_Init      stm32h7xx_hal.o
    0x08000e64   0x08000e64   0x00000004   PAD
    0x08000e68   0x08000e68   0x0000004c   Code   RO         1217    .text.HAL_InitTick  stm32h7xx_hal.o
    0x08000eb4   0x08000eb4   0x00000004   PAD
    0x08000eb8   0x08000eb8   0x00000020   Code   RO          666    .text.HAL_MspInit   stm32h7xx_hal_msp.o
    0x08000ed8   0x08000ed8   0x0000005c   Code   RO          676    .text.HAL_NVIC_SetPriority  stm32h7xx_hal_cortex.o
    0x08000f34   0x08000f34   0x00000004   PAD
    0x08000f38   0x08000f38   0x00000020   Code   RO          674    .text.HAL_NVIC_SetPriorityGrouping  stm32h7xx_hal_cortex.o
    0x08000f58   0x08000f58   0x0000004c   Code   RO         1127    .text.HAL_PWREx_ConfigSupply  stm32h7xx_hal_pwr_ex.o
    0x08000fa4   0x08000fa4   0x00000004   PAD
    0x08000fa8   0x08000fa8   0x00000026   Code   RO          810    .text.HAL_RCCEx_GetD3PCLK1Freq  stm32h7xx_hal_rcc_ex.o
    0x08000fce   0x08000fce   0x00000002   PAD
    0x08000fd0   0x08000fd0   0x00000188   Code   RO          806    .text.HAL_RCCEx_GetPLL2ClockFreq  stm32h7xx_hal_rcc_ex.o
    0x08001158   0x08001158   0x00000188   Code   RO          808    .text.HAL_RCCEx_GetPLL3ClockFreq  stm32h7xx_hal_rcc_ex.o
    0x080012e0   0x080012e0   0x00000c64   Code   RO          794    .text.HAL_RCCEx_PeriphCLKConfig  stm32h7xx_hal_rcc_ex.o
    0x08001f44   0x08001f44   0x00000004   PAD
    0x08001f48   0x08001f48   0x00000268   Code   RO          762    .text.HAL_RCC_ClockConfig  stm32h7xx_hal_rcc.o
    0x080021b0   0x080021b0   0x0000004c   Code   RO          772    .text.HAL_RCC_GetHCLKFreq  stm32h7xx_hal_rcc.o
    0x080021fc   0x080021fc   0x00000004   PAD
    0x08002200   0x08002200   0x00000060   Code   RO          774    .text.HAL_RCC_GetPCLK1Freq  stm32h7xx_hal_rcc.o
    0x08002260   0x08002260   0x00000060   Code   RO          776    .text.HAL_RCC_GetPCLK2Freq  stm32h7xx_hal_rcc.o
    0x080022c0   0x080022c0   0x00000170   Code   RO          764    .text.HAL_RCC_GetSysClockFreq  stm32h7xx_hal_rcc.o
    0x08002430   0x08002430   0x0000051a   Code   RO          760    .text.HAL_RCC_OscConfig  stm32h7xx_hal_rcc.o
    0x0800294a   0x0800294a   0x00000006   PAD
    0x08002950   0x08002950   0x0000002e   Code   RO          686    .text.HAL_SYSTICK_Config  stm32h7xx_hal_cortex.o
    0x0800297e   0x0800297e   0x00000002   PAD
    0x08002980   0x08002980   0x00000036   Code   RO         1684    .text.HAL_UARTEx_DisableFifoMode  stm32h7xx_hal_uart_ex.o
    0x080029b6   0x080029b6   0x00000002   PAD
    0x080029b8   0x080029b8   0x00000090   Code   RO         1688    .text.HAL_UARTEx_SetRxFifoThreshold  stm32h7xx_hal_uart_ex.o
    0x08002a48   0x08002a48   0x00000090   Code   RO         1686    .text.HAL_UARTEx_SetTxFifoThreshold  stm32h7xx_hal_uart_ex.o
    0x08002ad8   0x08002ad8   0x000000c6   Code   RO         1521    .text.HAL_UART_Init  stm32h7xx_hal_uart.o
    0x08002b9e   0x08002b9e   0x00000002   PAD
    0x08002ba0   0x08002ba0   0x00000084   Code   RO          628    .text.HAL_UART_MspInit  usart.o
    0x08002c24   0x08002c24   0x00000004   PAD
    0x08002c28   0x08002c28   0x00000100   Code   RO         1545    .text.HAL_UART_Receive  stm32h7xx_hal_uart.o
    0x08002d28   0x08002d28   0x000000da   Code   RO         1541    .text.HAL_UART_Transmit  stm32h7xx_hal_uart.o
    0x08002e02   0x08002e02   0x00000006   PAD
    0x08002e08   0x08002e08   0x00000002   Code   RO          643    .text.HardFault_Handler  stm32h7xx_it.o
    0x08002e0a   0x08002e0a   0x00000006   PAD
    0x08002e10   0x08002e10   0x00000032   Code   RO          611    .text.MX_CRC_Init   crc.o
    0x08002e42   0x08002e42   0x00000006   PAD
    0x08002e48   0x08002e48   0x00000032   Code   RO          603    .text.MX_GPIO_Init  gpio.o
    0x08002e7a   0x08002e7a   0x00000006   PAD
    0x08002e80   0x08002e80   0x0000007c   Code   RO          626    .text.MX_USART1_UART_Init  usart.o
    0x08002efc   0x08002efc   0x00000004   PAD
    0x08002f00   0x08002f00   0x0000000e   Code   RO          549    .text.MX_X_CUBE_AI_Init  app_x-cube-ai.o
    0x08002f0e   0x08002f0e   0x00000002   PAD
    0x08002f10   0x08002f10   0x00000004   Code   RO          551    .text.MX_X_CUBE_AI_Process  app_x-cube-ai.o
    0x08002f14   0x08002f14   0x00000004   PAD
    0x08002f18   0x08002f18   0x00000002   Code   RO          645    .text.MemManage_Handler  stm32h7xx_it.o
    0x08002f1a   0x08002f1a   0x00000006   PAD
    0x08002f20   0x08002f20   0x00000002   Code   RO          641    .text.NMI_Handler   stm32h7xx_it.o
    0x08002f22   0x08002f22   0x00000006   PAD
    0x08002f28   0x08002f28   0x00000002   Code   RO          655    .text.PendSV_Handler  stm32h7xx_it.o
    0x08002f2a   0x08002f2a   0x00000006   PAD
    0x08002f30   0x08002f30   0x00000122   Code   RO          796    .text.RCCEx_PLL2_Config  stm32h7xx_hal_rcc_ex.o
    0x08003052   0x08003052   0x00000006   PAD
    0x08003058   0x08003058   0x00000122   Code   RO          798    .text.RCCEx_PLL3_Config  stm32h7xx_hal_rcc_ex.o
    0x0800317a   0x0800317a   0x00000006   PAD
    0x08003180   0x08003180   0x00000002   Code   RO          651    .text.SVC_Handler   stm32h7xx_it.o
    0x08003182   0x08003182   0x00000006   PAD
    0x08003188   0x08003188   0x00000004   Code   RO          657    .text.SysTick_Handler  stm32h7xx_it.o
    0x0800318c   0x0800318c   0x00000004   PAD
    0x08003190   0x08003190   0x0000013c   Code   RO          590    .text.SystemClock_Config  main.o
    0x080032cc   0x080032cc   0x00000004   PAD
    0x080032d0   0x080032d0   0x000000cc   Code   RO         1705    .text.SystemInit    system_stm32h7xx.o
    0x0800339c   0x0800339c   0x00000004   PAD
    0x080033a0   0x080033a0   0x000000e0   Code   RO         1527    .text.UART_AdvFeatureConfig  stm32h7xx_hal_uart.o
    0x08003480   0x08003480   0x000004b4   Code   RO         1525    .text.UART_SetConfig  stm32h7xx_hal_uart.o
    0x08003934   0x08003934   0x00000004   PAD
    0x08003938   0x08003938   0x00000226   Code   RO         1543    .text.UART_WaitOnFlagUntilTimeout  stm32h7xx_hal_uart.o
    0x08003b5e   0x08003b5e   0x00000002   PAD
    0x08003b60   0x08003b60   0x00000002   Code   RO          649    .text.UsageFault_Handler  stm32h7xx_it.o
    0x08003b62   0x08003b62   0x00000006   PAD
    0x08003b68   0x08003b68   0x0000002e   Code   RO          481    .text._put_c_driver  aitestutility.o
    0x08003b96   0x08003b96   0x00000002   PAD
    0x08003b98   0x08003b98   0x000001a2   Code   RO          513    .text._write_number  lc_print.o
    0x08003d3a   0x08003d3a   0x00000006   PAD
    0x08003d40   0x08003d40   0x00000070   Code   RO          454    .text.aiLogErr      aitesthelper.o
    0x08003db0   0x08003db0   0x00000240   Code   RO          268    .text.aiOnExecNode_cb  aivalidation.o
    0x08003ff0   0x08003ff0   0x0000000a   Code   RO          222    .text.aiPbAiBufferSize  aipbmgr.o
    0x08003ffa   0x08003ffa   0x00000006   PAD
    0x08004000   0x08004000   0x00000110   Code   RO          226    .text.aiPbBuffer_read_cb3  aipbmgr.o
    0x08004110   0x08004110   0x00000060   Code   RO          230    .text.aiPbBuffer_write_cb3  aipbmgr.o
    0x08004170   0x08004170   0x00000082   Code   RO          258    .text.aiPbCmdNNInfo  aivalidation.o
    0x080041f2   0x080041f2   0x00000006   PAD
    0x080041f8   0x080041f8   0x0000062c   Code   RO          260    .text.aiPbCmdNNRun  aivalidation.o
    0x08004824   0x08004824   0x00000004   PAD
    0x08004828   0x08004828   0x0000004a   Code   RO          232    .text.aiPbCmdSync   aipbmgr.o
    0x08004872   0x08004872   0x00000006   PAD
    0x08004878   0x08004878   0x0000004a   Code   RO          234    .text.aiPbCmdSysInfo  aipbmgr.o
    0x080048c2   0x080048c2   0x00000006   PAD
    0x080048c8   0x080048c8   0x00000098   Code   RO          208    .text.aiPbMgrInit   aipbmgr.o
    0x08004960   0x08004960   0x000000d4   Code   RO          224    .text.aiPbMgrReceiveAiBuffer3  aipbmgr.o
    0x08004a34   0x08004a34   0x00000004   PAD
    0x08004a38   0x08004a38   0x00000040   Code   RO          212    .text.aiPbMgrSendAck  aipbmgr.o
    0x08004a78   0x08004a78   0x00000130   Code   RO          228    .text.aiPbMgrSendAiBuffer4  aipbmgr.o
    0x08004ba8   0x08004ba8   0x00000364   Code   RO          240    .text.aiPbMgrSendNNInfo  aipbmgr.o
    0x08004f0c   0x08004f0c   0x00000004   PAD
    0x08004f10   0x08004f10   0x0000002a   Code   RO          214    .text.aiPbMgrSendResp  aipbmgr.o
    0x08004f3a   0x08004f3a   0x00000006   PAD
    0x08004f40   0x08004f40   0x0000002c   Code   RO          216    .text.aiPbMgrWaitAck  aipbmgr.o
    0x08004f6c   0x08004f6c   0x00000004   PAD
    0x08004f70   0x08004f70   0x000000d8   Code   RO          210    .text.aiPbMgrWaitAndProcess  aipbmgr.o
    0x08005048   0x08005048   0x00000060   Code   RO          452    .text.aiPlatformVersion  aitesthelper.o
    0x080050a8   0x080050a8   0x000003ac   Code   RO          456    .text.aiPrintBufferInfo  aitesthelper.o
    0x08005454   0x08005454   0x00000004   PAD
    0x08005458   0x08005458   0x00000234   Code   RO          458    .text.aiPrintNetworkInfo  aitesthelper.o
    0x0800568c   0x0800568c   0x00000004   PAD
    0x08005690   0x08005690   0x0000013c   Code   RO          262    .text.aiValidationInit  aivalidation.o
    0x080057cc   0x080057cc   0x00000004   PAD
    0x080057d0   0x080057d0   0x00000214   Code   RO          264    .text.aiValidationProcess  aivalidation.o
    0x080059e4   0x080059e4   0x00000004   PAD
    0x080059e8   0x080059e8   0x00000092   Code   RO          555    .text.ai_mnetwork_create  app_x-cube-ai.o
    0x08005a7a   0x08005a7a   0x00000006   PAD
    0x08005a80   0x08005a80   0x00000028   Code   RO          557    .text.ai_mnetwork_destroy  app_x-cube-ai.o
    0x08005aa8   0x08005aa8   0x00000050   Code   RO          553    .text.ai_mnetwork_find  app_x-cube-ai.o
    0x08005af8   0x08005af8   0x0000001a   Code   RO          561    .text.ai_mnetwork_get_error  app_x-cube-ai.o
    0x08005b12   0x08005b12   0x00000006   PAD
    0x08005b18   0x08005b18   0x0000006e   Code   RO          569    .text.ai_mnetwork_get_private_handle  app_x-cube-ai.o
    0x08005b86   0x08005b86   0x00000002   PAD
    0x08005b88   0x08005b88   0x00000018   Code   RO          559    .text.ai_mnetwork_get_report  app_x-cube-ai.o
    0x08005ba0   0x08005ba0   0x00000054   Code   RO          563    .text.ai_mnetwork_init  app_x-cube-ai.o
    0x08005bf4   0x08005bf4   0x00000004   PAD
    0x08005bf8   0x08005bf8   0x0000001a   Code   RO          565    .text.ai_mnetwork_run  app_x-cube-ai.o
    0x08005c12   0x08005c12   0x00000006   PAD
    0x08005c18   0x08005c18   0x00000022   Code   RO           17    .text.ai_network_create  network.o
    0x08005c3a   0x08005c3a   0x00000006   PAD
    0x08005c40   0x08005c40   0x00000038   Code   RO          160    .text.ai_network_data_params_get  network_data.o
    0x08005c78   0x08005c78   0x00000004   Code   RO           27    .text.ai_network_destroy  network.o
    0x08005c7c   0x08005c7c   0x00000004   PAD
    0x08005c80   0x08005c80   0x00000006   Code   RO           31    .text.ai_network_forward  network.o
    0x08005c86   0x08005c86   0x00000002   PAD
    0x08005c88   0x08005c88   0x00000004   Code   RO           15    .text.ai_network_get_error  network.o
    0x08005c8c   0x08005c8c   0x00000004   PAD
    0x08005c90   0x08005c90   0x000000b6   Code   RO           13    .text.ai_network_get_report  network.o
    0x08005d46   0x08005d46   0x00000002   PAD
    0x08005d48   0x08005d48   0x0000013a   Code   RO           21    .text.ai_network_init  network.o
    0x08005e82   0x08005e82   0x00000006   PAD
    0x08005e88   0x08005e88   0x00000004   Code   RO           29    .text.ai_network_run  network.o
    0x08005e8c   0x08005e8c   0x00000004   PAD
    0x08005e90   0x08005e90   0x00000086   Code   RO          298    .text.buf_read      pb_decode.o
    0x08005f16   0x08005f16   0x00000002   PAD
    0x08005f18   0x08005f18   0x00000020   Code   RO          485    .text.crcIpInit     aitestutility.o
    0x08005f38   0x08005f38   0x000004dc   Code   RO          318    .text.decode_field  pb_decode.o
    0x08006414   0x08006414   0x00000004   PAD
    0x08006418   0x08006418   0x00000038   Code   RO          491    .text.dwtCyclesToFloatMs  aitestutility.o
    0x08006450   0x08006450   0x00000094   Code   RO          489    .text.dwtCyclesToTime  aitestutility.o
    0x080064e4   0x080064e4   0x00000004   PAD
    0x080064e8   0x080064e8   0x000003cc   Code   RO          371    .text.encode_field  pb_encode.o
    0x080068b4   0x080068b4   0x00000004   PAD
    0x080068b8   0x080068b8   0x00000048   Code   RO          495    .text.getFlashCacheConf  aitestutility.o
    0x08006900   0x08006900   0x0000000e   Code   RO          475    .text.ioRawDisableLLWrite  aitestutility.o
    0x0800690e   0x0800690e   0x00000002   PAD
    0x08006910   0x08006910   0x00000020   Code   RO          473    .text.ioRawReadBuffer  aitestutility.o
    0x08006930   0x08006930   0x00000020   Code   RO          471    .text.ioRawWriteBuffer  aitestutility.o
    0x08006950   0x08006950   0x0000002a   Code   RO          479    .text.lc_print      aitestutility.o
    0x0800697a   0x0800697a   0x00000006   PAD
    0x08006980   0x08006980   0x00000126   Code   RO          588    .text.main          main.o
    0x08006aa6   0x08006aa6   0x00000002   PAD
    0x08006aa8   0x08006aa8   0x00000010   Code   RO          242    .text.nn_inputs_w_cb  aipbmgr.o
    0x08006ab8   0x08006ab8   0x00000010   Code   RO          244    .text.nn_outputs_w_cb  aipbmgr.o
    0x08006ac8   0x08006ac8   0x0000010c   Code   RO          246    .text.nn_shape_w_cb  aipbmgr.o
    0x08006bd4   0x08006bd4   0x00000004   PAD
    0x08006bd8   0x08006bd8   0x00000142   Code   RO          395    .text.pb_check_proto3_default_value  pb_encode.o
    0x08006d1a   0x08006d1a   0x00000006   PAD
    0x08006d20   0x08006d20   0x000000b2   Code   RO          344    .text.pb_dec_bytes  pb_decode.o
    0x08006dd2   0x08006dd2   0x00000006   PAD
    0x08006dd8   0x08006dd8   0x00000050   Code   RO          340    .text.pb_dec_fixed32  pb_decode.o
    0x08006e28   0x08006e28   0x00000054   Code   RO          342    .text.pb_dec_fixed64  pb_decode.o
    0x08006e7c   0x08006e7c   0x00000004   PAD
    0x08006e80   0x08006e80   0x0000009c   Code   RO          350    .text.pb_dec_fixed_length_bytes  pb_decode.o
    0x08006f1c   0x08006f1c   0x00000004   PAD
    0x08006f20   0x08006f20   0x00000094   Code   RO          346    .text.pb_dec_string  pb_decode.o
    0x08006fb4   0x08006fb4   0x00000004   PAD
    0x08006fb8   0x08006fb8   0x000000e4   Code   RO          348    .text.pb_dec_submessage  pb_decode.o
    0x0800709c   0x0800709c   0x00000004   PAD
    0x080070a0   0x080070a0   0x000000a6   Code   RO          338    .text.pb_dec_svarint  pb_decode.o
    0x08007146   0x08007146   0x00000002   PAD
    0x08007148   0x08007148   0x00000096   Code   RO          336    .text.pb_dec_uvarint  pb_decode.o
    0x080071de   0x080071de   0x00000002   PAD
    0x080071e0   0x080071e0   0x00000084   Code   RO          334    .text.pb_dec_varint  pb_decode.o
    0x08007264   0x08007264   0x00000004   PAD
    0x08007268   0x08007268   0x0000009a   Code   RO          324    .text.pb_decode_delimited  pb_decode.o
    0x08007302   0x08007302   0x00000006   PAD
    0x08007308   0x08007308   0x00000256   Code   RO          316    .text.pb_decode_noinit  pb_decode.o
    0x0800755e   0x0800755e   0x00000002   PAD
    0x08007560   0x08007560   0x0000021c   Code   RO          306    .text.pb_decode_varint  pb_decode.o
    0x0800777c   0x0800777c   0x00000004   PAD
    0x08007780   0x08007780   0x00000114   Code   RO          304    .text.pb_decode_varint32_eof  pb_decode.o
    0x08007894   0x08007894   0x00000004   PAD
    0x08007898   0x08007898   0x00000128   Code   RO          407    .text.pb_enc_bytes  pb_encode.o
    0x080079c0   0x080079c0   0x00000054   Code   RO          403    .text.pb_enc_fixed32  pb_encode.o
    0x08007a14   0x08007a14   0x00000004   PAD
    0x08007a18   0x08007a18   0x00000088   Code   RO          405    .text.pb_enc_fixed64  pb_encode.o
    0x08007aa0   0x08007aa0   0x00000072   Code   RO          413    .text.pb_enc_fixed_length_bytes  pb_encode.o
    0x08007b12   0x08007b12   0x00000006   PAD
    0x08007b18   0x08007b18   0x000000cc   Code   RO          409    .text.pb_enc_string  pb_encode.o
    0x08007be4   0x08007be4   0x00000004   PAD
    0x08007be8   0x08007be8   0x0000003c   Code   RO          411    .text.pb_enc_submessage  pb_encode.o
    0x08007c24   0x08007c24   0x00000004   PAD
    0x08007c28   0x08007c28   0x00000066   Code   RO          401    .text.pb_enc_svarint  pb_encode.o
    0x08007c8e   0x08007c8e   0x00000002   PAD
    0x08007c90   0x08007c90   0x0000005e   Code   RO          399    .text.pb_enc_uvarint  pb_encode.o
    0x08007cee   0x08007cee   0x00000002   PAD
    0x08007cf0   0x08007cf0   0x0000005e   Code   RO          397    .text.pb_enc_varint  pb_encode.o
    0x08007d4e   0x08007d4e   0x00000002   PAD
    0x08007d50   0x08007d50   0x0000007a   Code   RO          369    .text.pb_encode     pb_encode.o
    0x08007dca   0x08007dca   0x00000006   PAD
    0x08007dd0   0x08007dd0   0x0000006e   Code   RO          393    .text.pb_encode_string  pb_encode.o
    0x08007e3e   0x08007e3e   0x00000002   PAD
    0x08007e40   0x08007e40   0x000000d0   Code   RO          375    .text.pb_encode_submessage  pb_encode.o
    0x08007f10   0x08007f10   0x00000048   Code   RO          391    .text.pb_encode_tag_for_field  pb_encode.o
    0x08007f58   0x08007f58   0x0000012e   Code   RO          381    .text.pb_encode_varint  pb_encode.o
    0x08008086   0x08008086   0x00000002   PAD
    0x08008088   0x08008088   0x00000026   Code   RO          282    .text.pb_field_iter_begin  pb_common.o
    0x080080ae   0x080080ae   0x00000002   PAD
    0x080080b0   0x080080b0   0x000000ba   Code   RO          286    .text.pb_field_iter_find  pb_common.o
    0x0800816a   0x0800816a   0x00000006   PAD
    0x08008170   0x08008170   0x000000a8   Code   RO          284    .text.pb_field_iter_next  pb_common.o
    0x08008218   0x08008218   0x00000100   Code   RO          352    .text.pb_field_set_to_default  pb_decode.o
    0x08008318   0x08008318   0x00000012   Code   RO          186    .text.pb_io_flush_istream  aipbio.o
    0x0800832a   0x0800832a   0x00000006   PAD
    0x08008330   0x08008330   0x00000020   Code   RO          184    .text.pb_io_flush_ostream  aipbio.o
    0x08008350   0x08008350   0x00000018   Code   RO          192    .text.pb_io_istream  aipbio.o
    0x08008368   0x08008368   0x0000001a   Code   RO          188    .text.pb_io_ostream  aipbio.o
    0x08008382   0x08008382   0x00000006   PAD
    0x08008388   0x08008388   0x0000000a   Code   RO          196    .text.pb_io_stream_init  aipbio.o
    0x08008392   0x08008392   0x00000006   PAD
    0x08008398   0x08008398   0x0000008c   Code   RO          296    .text.pb_read       pb_decode.o
    0x08008424   0x08008424   0x00000004   PAD
    0x08008428   0x08008428   0x0000014a   Code   RO          310    .text.pb_skip_field  pb_decode.o
    0x08008572   0x08008572   0x00000006   PAD
    0x08008578   0x08008578   0x000000c8   Code   RO          194    .text.read_callback  aipbio.o
    0x08008640   0x08008640   0x000001dc   Code   RO          497    .text.systemSettingLog  aitestutility.o
    0x0800881c   0x0800881c   0x00000004   PAD
    0x08008820   0x08008820   0x000004d8   Code   RO          511    .text.vlc_print     lc_print.o
    0x08008cf8   0x08008cf8   0x00000124   Code   RO          190    .text.write_callback  aipbio.o
    0x08008e1c   0x08008e1c   0x000000e0   Code   RO         1735    i.CRC_Is_Enabled    NetworkRuntime720_CM7_Keil.lib(ai_platform_interface.o)
    0x08008efc   0x08008efc   0x000000f0   Code   RO         1736    i.CRC_Lock          NetworkRuntime720_CM7_Keil.lib(ai_platform_interface.o)
    0x08008fec   0x08008fec   0x00000026   Code   RO         2900    i.__ARM_fpclassifyf  m_wv.l(fpclassifyf.o)
    0x08009012   0x08009012   0x00000002   PAD
    0x08009014   0x08009014   0x000000f8   Code   RO         1831    i.__ai_math_dot_array  NetworkRuntime720_CM7_Keil.lib(layers_conv2d_generic_float.o)
    0x0800910c   0x0800910c   0x000001ec   Code   RO         2741    i.__hardfp_expf     m_wv.l(expf.o)
    0x080092f8   0x080092f8   0x00000006   Code   RO         2903    i.__mathlib_flt_infnan  m_wv.l(funder.o)
    0x080092fe   0x080092fe   0x00000002   PAD
    0x08009300   0x08009300   0x00000010   Code   RO         2906    i.__mathlib_flt_overflow  m_wv.l(funder.o)
    0x08009310   0x08009310   0x00000010   Code   RO         2908    i.__mathlib_flt_underflow  m_wv.l(funder.o)
    0x08009320   0x08009320   0x00000130   Code   RO         1832    i._ai_dict4_dot_array_f32  NetworkRuntime720_CM7_Keil.lib(layers_conv2d_generic_float.o)
    0x08009450   0x08009450   0x000000fc   Code   RO         1833    i._ai_dict8_dot_array_f32  NetworkRuntime720_CM7_Keil.lib(layers_conv2d_generic_float.o)
    0x0800954c   0x0800954c   0x00000012   Code   RO         2509    i._ai_forward_layer  NetworkRuntime720_CM7_Keil.lib(layers.o)
    0x0800955e   0x0800955e   0x00000004   Code   RO         1737    i._ai_platform_acquire_crc  NetworkRuntime720_CM7_Keil.lib(ai_platform_interface.o)
    0x08009562   0x08009562   0x00000002   PAD
    0x08009564   0x08009564   0x000000d0   Code   RO         1738    i._ai_platform_get_io_buffers_info  NetworkRuntime720_CM7_Keil.lib(ai_platform_interface.o)
    0x08009634   0x08009634   0x00000002   Code   RO         1739    i._ai_platform_release_crc  NetworkRuntime720_CM7_Keil.lib(ai_platform_interface.o)
    0x08009636   0x08009636   0x0000004a   Code   RO         1740    i._platform_ai_buffer_array_copy  NetworkRuntime720_CM7_Keil.lib(ai_platform_interface.o)
    0x08009680   0x08009680   0x00000050   Code   RO         1741    i._platform_get_table_map_from_buffer  NetworkRuntime720_CM7_Keil.lib(ai_platform_interface.o)
    0x080096d0   0x080096d0   0x00000044   Code   RO         1742    i._platform_get_table_map_from_buffer_array  NetworkRuntime720_CM7_Keil.lib(ai_platform_interface.o)
    0x08009714   0x08009714   0x00000014   Code   RO         1743    i._platform_network_buffers_signature_valid  NetworkRuntime720_CM7_Keil.lib(ai_platform_interface.o)
    0x08009728   0x08009728   0x00000210   Code   RO         1744    i._platform_network_io_bind  NetworkRuntime720_CM7_Keil.lib(ai_platform_interface.o)
    0x08009938   0x08009938   0x0000003e   Code   RO         1745    i._platform_network_state_setup  NetworkRuntime720_CM7_Keil.lib(ai_platform_interface.o)
    0x08009976   0x08009976   0x0000006c   Code   RO         1746    i._platform_network_state_update_input  NetworkRuntime720_CM7_Keil.lib(ai_platform_interface.o)
    0x080099e2   0x080099e2   0x00000080   Code   RO         1747    i._platform_network_state_update_output  NetworkRuntime720_CM7_Keil.lib(ai_platform_interface.o)
    0x08009a62   0x08009a62   0x000000cc   Code   RO         1748    i._platform_observer_node_exec_cb  NetworkRuntime720_CM7_Keil.lib(ai_platform_interface.o)
    0x08009b2e   0x08009b2e   0x0000003c   Code   RO         2052    i.ai_array_get_byte_size  NetworkRuntime720_CM7_Keil.lib(ai_datatypes_format.o)
    0x08009b6a   0x08009b6a   0x0000001e   Code   RO         2053    i.ai_array_get_data_byte_size  NetworkRuntime720_CM7_Keil.lib(ai_datatypes_format.o)
    0x08009b88   0x08009b88   0x0000012c   Code   RO         2055    i.ai_array_to_buffer_fmt  NetworkRuntime720_CM7_Keil.lib(ai_datatypes_format.o)
    0x08009cb4   0x08009cb4   0x00000024   Code   RO         1721    i.ai_buffer_array_item_set_address  NetworkRuntime720_CM7_Keil.lib(ai_platform.o)
    0x08009cd8   0x08009cd8   0x00000012   Code   RO         1722    i.ai_buffer_array_sane  NetworkRuntime720_CM7_Keil.lib(ai_platform.o)
    0x08009cea   0x08009cea   0x00000010   Code   RO         1723    i.ai_buffer_get_byte_size  NetworkRuntime720_CM7_Keil.lib(ai_platform.o)
    0x08009cfa   0x08009cfa   0x00000002   PAD
    0x08009cfc   0x08009cfc   0x00000068   Code   RO         1724    i.ai_buffer_get_size  NetworkRuntime720_CM7_Keil.lib(ai_platform.o)
    0x08009d64   0x08009d64   0x0000002c   Code   RO         2510    i.ai_check_custom_types  NetworkRuntime720_CM7_Keil.lib(layers.o)
    0x08009d90   0x08009d90   0x00000130   Code   RO         1834    i.ai_conv2d_kernel_depthwise_f32  NetworkRuntime720_CM7_Keil.lib(layers_conv2d_generic_float.o)
    0x08009ec0   0x08009ec0   0x00000180   Code   RO         1835    i.ai_conv2d_kernel_group_f32  NetworkRuntime720_CM7_Keil.lib(layers_conv2d_generic_float.o)
    0x0800a040   0x0800a040   0x00000172   Code   RO         1836    i.ai_conv2d_kernel_simple_opt_f32  NetworkRuntime720_CM7_Keil.lib(layers_conv2d_generic_float.o)
    0x0800a1b2   0x0800a1b2   0x00000002   PAD
    0x0800a1b4   0x0800a1b4   0x0000026c   Code   RO         1837    i.ai_conv2d_stripe_f32  NetworkRuntime720_CM7_Keil.lib(layers_conv2d_generic_float.o)
    0x0800a420   0x0800a420   0x0000007a   Code   RO         1840    i.ai_dict_decompress_f32  NetworkRuntime720_CM7_Keil.lib(layers_conv2d_generic_float.o)
    0x0800a49a   0x0800a49a   0x00000036   Code   RO         2513    i.ai_layers_destroy_all  NetworkRuntime720_CM7_Keil.lib(layers.o)
    0x0800a4d0   0x0800a4d0   0x0000004e   Code   RO         2514    i.ai_layers_forward_all  NetworkRuntime720_CM7_Keil.lib(layers.o)
    0x0800a51e   0x0800a51e   0x0000001e   Code   RO         2515    i.ai_layers_init_all  NetworkRuntime720_CM7_Keil.lib(layers.o)
    0x0800a53c   0x0800a53c   0x00000036   Code   RO         2516    i.ai_layers_post_init_all  NetworkRuntime720_CM7_Keil.lib(layers.o)
    0x0800a572   0x0800a572   0x00000002   PAD
    0x0800a574   0x0800a574   0x0000018c   Code   RO         1749    i.ai_platform_api_get_network_report  NetworkRuntime720_CM7_Keil.lib(ai_platform_interface.o)
    0x0800a700   0x0800a700   0x00000014   Code   RO         1750    i.ai_platform_api_get_version  NetworkRuntime720_CM7_Keil.lib(ai_platform_interface.o)
    0x0800a714   0x0800a714   0x0000002c   Code   RO         1751    i.ai_platform_bind_network_params  NetworkRuntime720_CM7_Keil.lib(ai_platform_interface.o)
    0x0800a740   0x0800a740   0x0000001c   Code   RO         1752    i.ai_platform_context_acquire  NetworkRuntime720_CM7_Keil.lib(ai_platform_interface.o)
    0x0800a75c   0x0800a75c   0x0000002c   Code   RO         1754    i.ai_platform_get_activations_map  NetworkRuntime720_CM7_Keil.lib(ai_platform_interface.o)
    0x0800a788   0x0800a788   0x00000028   Code   RO         1755    i.ai_platform_get_weights_map  NetworkRuntime720_CM7_Keil.lib(ai_platform_interface.o)
    0x0800a7b0   0x0800a7b0   0x00000014   Code   RO         1757    i.ai_platform_interface_api_get_version  NetworkRuntime720_CM7_Keil.lib(ai_platform_interface.o)
    0x0800a7c4   0x0800a7c4   0x000000b4   Code   RO         1758    i.ai_platform_network_create  NetworkRuntime720_CM7_Keil.lib(ai_platform_interface.o)
    0x0800a878   0x0800a878   0x00000016   Code   RO         1759    i.ai_platform_network_destroy  NetworkRuntime720_CM7_Keil.lib(ai_platform_interface.o)
    0x0800a88e   0x0800a88e   0x00000002   PAD
    0x0800a890   0x0800a890   0x0000001c   Code   RO         1760    i.ai_platform_network_get_error  NetworkRuntime720_CM7_Keil.lib(ai_platform_interface.o)
    0x0800a8ac   0x0800a8ac   0x0000010c   Code   RO         1761    i.ai_platform_network_init  NetworkRuntime720_CM7_Keil.lib(ai_platform_interface.o)
    0x0800a9b8   0x0800a9b8   0x00000046   Code   RO         1762    i.ai_platform_network_post_init  NetworkRuntime720_CM7_Keil.lib(ai_platform_interface.o)
    0x0800a9fe   0x0800a9fe   0x00000054   Code   RO         1763    i.ai_platform_network_process  NetworkRuntime720_CM7_Keil.lib(ai_platform_interface.o)
    0x0800aa52   0x0800aa52   0x0000000c   Code   RO         1764    i.ai_platform_network_set_error  NetworkRuntime720_CM7_Keil.lib(ai_platform_interface.o)
    0x0800aa5e   0x0800aa5e   0x00000002   PAD
    0x0800aa60   0x0800aa60   0x00000054   Code   RO         1767    i.ai_platform_observer_register_s  NetworkRuntime720_CM7_Keil.lib(ai_platform_interface.o)
    0x0800aab4   0x0800aab4   0x00000022   Code   RO         1769    i.ai_platform_observer_unregister_s  NetworkRuntime720_CM7_Keil.lib(ai_platform_interface.o)
    0x0800aad6   0x0800aad6   0x00000002   PAD
    0x0800aad8   0x0800aad8   0x00000010   Code   RO         1771    i.ai_platform_runtime_get_revision  NetworkRuntime720_CM7_Keil.lib(ai_platform_interface.o)
    0x0800aae8   0x0800aae8   0x00000014   Code   RO         1772    i.ai_platform_runtime_get_version  NetworkRuntime720_CM7_Keil.lib(ai_platform_interface.o)
    0x0800aafc   0x0800aafc   0x00000016   Code   RO         1817    i.ai_platform_version_get  NetworkRuntime720_CM7_Keil.lib(ai_datatypes_internal.o)
    0x0800ab12   0x0800ab12   0x0000001a   Code   RO         1874    i.ai_shape_get_size  NetworkRuntime720_CM7_Keil.lib(layers_nl_generic_float.o)
    0x0800ab2c   0x0800ab2c   0x0000000c   Code   RO         1818    i.ai_version_get    NetworkRuntime720_CM7_Keil.lib(ai_datatypes_internal.o)
    0x0800ab38   0x0800ab38   0x0000000c   Code   RO         2525    i.core_get_error    NetworkRuntime720_CM7_Keil.lib(core_common.o)
    0x0800ab44   0x0800ab44   0x00000004   Code   RO         2526    i.core_init         NetworkRuntime720_CM7_Keil.lib(core_common.o)
    0x0800ab48   0x0800ab48   0x00000012   Code   RO         1842    i.core_nl_get_params_byte_size  NetworkRuntime720_CM7_Keil.lib(layers_conv2d_generic_float.o)
    0x0800ab5a   0x0800ab5a   0x00000012   Code   RO         1843    i.core_nl_get_params_ptr  NetworkRuntime720_CM7_Keil.lib(layers_conv2d_generic_float.o)
    0x0800ab6c   0x0800ab6c   0x00000010   Code   RO         1844    i.core_nl_get_params_stride  NetworkRuntime720_CM7_Keil.lib(layers_conv2d_generic_float.o)
    0x0800ab7c   0x0800ab7c   0x0000001a   Code   RO         2527    i.core_set_error    NetworkRuntime720_CM7_Keil.lib(core_common.o)
    0x0800ab96   0x0800ab96   0x00000002   PAD
    0x0800ab98   0x0800ab98   0x000002bc   Code   RO         1845    i.forward_conv2d    NetworkRuntime720_CM7_Keil.lib(layers_conv2d_generic_float.o)
    0x0800ae54   0x0800ae54   0x0000020c   Code   RO         1847    i.forward_dense     NetworkRuntime720_CM7_Keil.lib(layers_conv2d_generic_float.o)
    0x0800b060   0x0800b060   0x0000009a   Code   RO         1899    i.forward_relu      NetworkRuntime720_CM7_Keil.lib(layers_nl_generic_float.o)
    0x0800b0fa   0x0800b0fa   0x0000006c   Code   RO         1908    i.forward_sm        NetworkRuntime720_CM7_Keil.lib(layers_nl_generic_float.o)
    0x0800b166   0x0800b166   0x00000002   Code   RO         1850    i.func_dummy        NetworkRuntime720_CM7_Keil.lib(layers_conv2d_generic_float.o)
    0x0800b168   0x0800b168   0x00000028   Code   RO         1819    i.get_tensor_byte_size  NetworkRuntime720_CM7_Keil.lib(ai_datatypes_internal.o)
    0x0800b190   0x0800b190   0x00000022   Code   RO         1820    i.get_tensor_size   NetworkRuntime720_CM7_Keil.lib(ai_datatypes_internal.o)
    0x0800b1b2   0x0800b1b2   0x00000002   PAD
    0x0800b1b4   0x0800b1b4   0x00000038   Code   RO         1941    i.nl_func_relu_array_f32  NetworkRuntime720_CM7_Keil.lib(layers_nl_generic_float.o)
    0x0800b1ec   0x0800b1ec   0x000000c8   Code   RO         1942    i.nl_func_relu_generic_array_f32  NetworkRuntime720_CM7_Keil.lib(layers_nl_generic_float.o)
    0x0800b2b4   0x0800b2b4   0x00000048   Code   RO         1943    i.nl_func_relu_thresholded_array_f32  NetworkRuntime720_CM7_Keil.lib(layers_nl_generic_float.o)
    0x0800b2fc   0x0800b2fc   0x0000004e   Code   RO         1951    i.nl_func_sm_array_f32  NetworkRuntime720_CM7_Keil.lib(layers_nl_generic_float.o)
    0x0800b34a   0x0800b34a   0x00000002   PAD
    0x0800b34c   0x0800b34c   0x00000094   Code   RO         1952    i.nl_func_sm_channel_f32  NetworkRuntime720_CM7_Keil.lib(layers_nl_generic_float.o)
    0x0800b3e0   0x0800b3e0   0x0000009c   Code   RO         2883    x$fpl$dnaninf       fz_wv.l(dnaninf.o)
    0x0800b47c   0x0800b47c   0x00000060   Code   RO         2679    x$fpl$ffltll        fz_wv.l(ffltll_clz.o)
    0x0800b4dc   0x0800b4dc   0x0000001a   Code   RO         2971    x$fpl$fpinit        fz_wv.l(fpinit.o)
    0x0800b4f6   0x0800b4f6   0x00000002   PAD
    0x0800b4f8   0x0800b4f8   0x00000078   Code   RO         2671    x$fpl$llufromd      fz_wv.l(dfixull.o)
    0x0800b570   0x0800b570   0x00000000   Code   RO         2893    x$fpl$usenofp       fz_wv.l(usenofp.o)
    0x0800b570   0x0800b570   0x0000006c   Data   RO         1773    .constdata          NetworkRuntime720_CM7_Keil.lib(ai_platform_interface.o)
    0x0800b5dc   0x0800b5dc   0x00000030   Data   RO         2744    .constdata          m_wv.l(expf.o)
    0x0800b60c   0x0800b60c   0x00000004   PAD
    0x0800b610   0x0800b610   0x00000008   Data   RO          166    .rodata..L__const.ai_network_data_params_get.map_activations  network_data.o
    0x0800b618   0x0800b618   0x00000008   Data   RO          167    .rodata..L__const.ai_network_data_params_get.map_weights  network_data.o
    0x0800b620   0x0800b620   0x00000006   Data   RO         1656    .rodata..Lswitch.table.UART_SetConfig.5  stm32h7xx_hal_uart.o
    0x0800b626   0x0800b626   0x00000006   Data   RO         1657    .rodata..Lswitch.table.UART_SetConfig.7  stm32h7xx_hal_uart.o
    0x0800b62c   0x0800b62c   0x0000000a   Data   RO          416    .rodata..Lswitch.table.pb_encode_tag_for_field  pb_encode.o
    0x0800b636   0x0800b636   0x00000010   Data   RO         1709    .rodata.D1CorePrescTable  system_stm32h7xx.o
    0x0800b646   0x0800b646   0x00000018   Data   RO         1655    .rodata.UARTPrescTable  stm32h7xx_hal_uart.o
    0x0800b65e   0x0800b65e   0x0000002d   Data   RO          443    .rodata.ackMsg_fields  stm32msg.pb.o
    0x0800b68b   0x0800b68b   0x0000002d   Data   RO          440    .rodata.aiBufferByteMsg_fields  stm32msg.pb.o
    0x0800b6b8   0x0800b6b8   0x00000004   Data   RO          433    .rodata.aiBufferShapeMsg_addr_default  stm32msg.pb.o
    0x0800b6bc   0x0800b6bc   0x00000004   Data   RO          430    .rodata.aiBufferShapeMsg_channels_default  stm32msg.pb.o
    0x0800b6c0   0x0800b6c0   0x00000004   Data   RO          434    .rodata.aiBufferShapeMsg_depth_default  stm32msg.pb.o
    0x0800b6c4   0x0800b6c4   0x00000004   Data   RO          435    .rodata.aiBufferShapeMsg_extension_default  stm32msg.pb.o
    0x0800b6c8   0x0800b6c8   0x000000a5   Data   RO          438    .rodata.aiBufferShapeMsg_fields  stm32msg.pb.o
    0x0800b76d   0x0800b76d   0x00000003   PAD
    0x0800b770   0x0800b770   0x00000004   Data   RO          426    .rodata.aiBufferShapeMsg_format_default  stm32msg.pb.o
    0x0800b774   0x0800b774   0x00000004   Data   RO          428    .rodata.aiBufferShapeMsg_height_default  stm32msg.pb.o
    0x0800b778   0x0800b778   0x00000004   Data   RO          427    .rodata.aiBufferShapeMsg_n_batches_default  stm32msg.pb.o
    0x0800b77c   0x0800b77c   0x00000004   Data   RO          431    .rodata.aiBufferShapeMsg_scale_default  stm32msg.pb.o
    0x0800b780   0x0800b780   0x00000004   Data   RO          429    .rodata.aiBufferShapeMsg_width_default  stm32msg.pb.o
    0x0800b784   0x0800b784   0x00000004   Data   RO          432    .rodata.aiBufferShapeMsg_zeropoint_default  stm32msg.pb.o
    0x0800b788   0x0800b788   0x0000013b   Data   RO          439    .rodata.aiNetworkInfoMsg_fields  stm32msg.pb.o
    0x0800b8c3   0x0800b8c3   0x0000005a   Data   RO          437    .rodata.aiRunReportMsg_fields  stm32msg.pb.o
    0x0800b91d   0x0800b91d   0x00000003   PAD
    0x0800b920   0x0800b920   0x00000008   Data   RO           60    .rodata.conv1d_1_conv2d_chain  network.o
    0x0800b928   0x0800b928   0x00000008   Data   RO           56    .rodata.conv1d_conv2d_chain  network.o
    0x0800b930   0x0800b930   0x00000010   Data   RO         1696    .rodata.cst8        stm32h7xx_hal_uart_ex.o
    0x0800b940   0x0800b940   0x00000008   Data   RO           69    .rodata.dense_1_chain  network.o
    0x0800b948   0x0800b948   0x00000008   Data   RO           68    .rodata.dense_1_dense_chain  network.o
    0x0800b950   0x0800b950   0x00000008   Data   RO           66    .rodata.dense_chain  network.o
    0x0800b958   0x0800b958   0x00000008   Data   RO           64    .rodata.dense_dense_chain  network.o
    0x0800b960   0x0800b960   0x0000002d   Data   RO          444    .rodata.logMsg_fields  stm32msg.pb.o
    0x0800b98d   0x0800b98d   0x00000003   PAD
    0x0800b990   0x0800b990   0x0000002c   Data   RO          577    .rodata.networks    app_x-cube-ai.o
    0x0800b9bc   0x0800b9bc   0x0000004b   Data   RO          445    .rodata.nodeMsg_fields  stm32msg.pb.o
    0x0800ba07   0x0800ba07   0x00000001   Data   RO          425    .rodata.reqMsg_cmd_default  stm32msg.pb.o
    0x0800ba08   0x0800ba08   0x0000005a   Data   RO          436    .rodata.reqMsg_fields  stm32msg.pb.o
    0x0800ba62   0x0800ba62   0x00000096   Data   RO          446    .rodata.respMsg_fields  stm32msg.pb.o
    0x0800baf8   0x0800baf8   0x00000008   PAD
    0x0800bb00   0x0800bb00   0x0000bcb0   Data   RO          177    .rodata.s_network_weights_array_u64  network_data_params.o
    0x080177b0   0x080177b0   0x00000057   Data   RO           33    .rodata.str1.1      network.o
    0x08017807   0x08017807   0x0000014c   Data   RO          271    .rodata.str1.1      aivalidation.o
    0x08017953   0x08017953   0x000000dd   Data   RO          354    .rodata.str1.1      pb_decode.o
    0x08017a30   0x08017a30   0x0000001f   Data   RO          415    .rodata.str1.1      pb_encode.o
    0x08017a4f   0x08017a4f   0x00000112   Data   RO          460    .rodata.str1.1      aitesthelper.o
    0x08017b61   0x08017b61   0x00000119   Data   RO          501    .rodata.str1.1      aitestutility.o
    0x08017c7a   0x08017c7a   0x00000007   Data   RO          515    .rodata.str1.1      lc_print.o
    0x08017c81   0x08017c81   0x0000003c   Data   RO          441    .rodata.syncMsg_fields  stm32msg.pb.o
    0x08017cbd   0x08017cbd   0x0000004b   Data   RO          442    .rodata.sysinfoMsg_fields  stm32msg.pb.o
    0x08017d08   0x08017d08   0x00000020   Data   RO         3065    Region$$Table       anon$$obj.o


    Execution Region RW_IRAM1 (Exec base: 0x20000000, Load base: 0x08017d28, Size: 0x00000000, Max: 0x00020000, ABSOLUTE)

    **** No section assigned to this execution region ****


    Execution Region RW_IRAM2 (Exec base: 0x24000000, Load base: 0x08017d40, Size: 0x00002530, Max: 0x00080000, ABSOLUTE, COMPRESSED[0x00000340])

    Exec Addr    Load Addr    Size         Type   Attr      Idx    E Section Name        Object

    0x24000000   COMPRESSED   0x00000070   Data   RW          143    .data..L_MergedGlobals  network.o
    0x24000070   COMPRESSED   0x00000008   Data   RW         1312    .data..L_MergedGlobals  stm32h7xx_hal.o
    0x24000078   COMPRESSED   0x00000008   Data   RW         1710    .data..L_MergedGlobals  system_stm32h7xx.o
    0x24000080   COMPRESSED   0x00000070   Data   RW          144    .data..L_MergedGlobals.102  network.o
    0x240000f0   COMPRESSED   0x00000010   Data   RW           34    .data..compoundliteral  network.o
    0x24000100   COMPRESSED   0x00000010   Data   RW          162    .data..compoundliteral  network_data.o
    0x24000110   COMPRESSED   0x00000010   Data   RW          164    .data..compoundliteral.1  network_data.o
    0x24000120   COMPRESSED   0x00000010   Data   RW          140    .data..compoundliteral.100  network.o
    0x24000130   COMPRESSED   0x0000000c   Data   RW           42    .data..compoundliteral.12  network.o
    0x2400013c   COMPRESSED   0x00000004   Data   RW           43    .data..compoundliteral.13  network.o
    0x24000140   COMPRESSED   0x0000000c   Data   RW           47    .data..compoundliteral.17  network.o
    0x2400014c   COMPRESSED   0x00000018   Data   RW           48    .data..compoundliteral.18  network.o
    0x24000164   COMPRESSED   0x00000010   Data   RW           50    .data..compoundliteral.20  network.o
    0x24000174   COMPRESSED   0x00000010   Data   RW           51    .data..compoundliteral.21  network.o
    0x24000184   COMPRESSED   0x00000010   Data   RW           53    .data..compoundliteral.23  network.o
    0x24000194   COMPRESSED   0x00000010   Data   RW           54    .data..compoundliteral.24  network.o
    0x240001a4   COMPRESSED   0x00000004   Data   RW           70    .data..compoundliteral.30  network.o
    0x240001a8   COMPRESSED   0x00000004   Data   RW           71    .data..compoundliteral.31  network.o
    0x240001ac   COMPRESSED   0x00000030   Data   RW           74    .data..compoundliteral.34  network.o
    0x240001dc   COMPRESSED   0x00000010   Data   RW           75    .data..compoundliteral.35  network.o
    0x240001ec   COMPRESSED   0x00000010   Data   RW           76    .data..compoundliteral.36  network.o
    0x240001fc   COMPRESSED   0x00000004   Data   RW           78    .data..compoundliteral.38  network.o
    0x24000200   COMPRESSED   0x00000004   Data   RW           79    .data..compoundliteral.39  network.o
    0x24000204   COMPRESSED   0x00000008   Data   RW           80    .data..compoundliteral.40  network.o
    0x2400020c   COMPRESSED   0x00000030   Data   RW           82    .data..compoundliteral.42  network.o
    0x2400023c   COMPRESSED   0x00000010   Data   RW           83    .data..compoundliteral.43  network.o
    0x2400024c   COMPRESSED   0x00000010   Data   RW           84    .data..compoundliteral.44  network.o
    0x2400025c   COMPRESSED   0x00000010   Data   RW           86    .data..compoundliteral.46  network.o
    0x2400026c   COMPRESSED   0x00000010   Data   RW           87    .data..compoundliteral.47  network.o
    0x2400027c   COMPRESSED   0x00000010   Data   RW           89    .data..compoundliteral.49  network.o
    0x2400028c   COMPRESSED   0x0000001c   Data   RW           35    .data..compoundliteral.5  network.o
    0x240002a8   COMPRESSED   0x00000010   Data   RW           90    .data..compoundliteral.50  network.o
    0x240002b8   COMPRESSED   0x00000004   Data   RW           92    .data..compoundliteral.52  network.o
    0x240002bc   COMPRESSED   0x00000004   Data   RW           93    .data..compoundliteral.53  network.o
    0x240002c0   COMPRESSED   0x00000030   Data   RW           96    .data..compoundliteral.56  network.o
    0x240002f0   COMPRESSED   0x00000010   Data   RW           97    .data..compoundliteral.57  network.o
    0x24000300   COMPRESSED   0x00000010   Data   RW           98    .data..compoundliteral.58  network.o
    0x24000310   COMPRESSED   0x00000010   Data   RW           36    .data..compoundliteral.6  network.o
    0x24000320   COMPRESSED   0x00000004   Data   RW          100    .data..compoundliteral.60  network.o
    0x24000324   COMPRESSED   0x00000004   Data   RW          101    .data..compoundliteral.61  network.o
    0x24000328   COMPRESSED   0x00000008   Data   RW          102    .data..compoundliteral.62  network.o
    0x24000330   COMPRESSED   0x00000030   Data   RW          104    .data..compoundliteral.64  network.o
    0x24000360   COMPRESSED   0x00000010   Data   RW          105    .data..compoundliteral.65  network.o
    0x24000370   COMPRESSED   0x00000010   Data   RW          106    .data..compoundliteral.66  network.o
    0x24000380   COMPRESSED   0x00000010   Data   RW          108    .data..compoundliteral.68  network.o
    0x24000390   COMPRESSED   0x00000010   Data   RW          109    .data..compoundliteral.69  network.o
    0x240003a0   COMPRESSED   0x0000001c   Data   RW           37    .data..compoundliteral.7  network.o
    0x240003bc   COMPRESSED   0x00000010   Data   RW          111    .data..compoundliteral.71  network.o
    0x240003cc   COMPRESSED   0x00000010   Data   RW          112    .data..compoundliteral.72  network.o
    0x240003dc   COMPRESSED   0x00000004   Data   RW          114    .data..compoundliteral.74  network.o
    0x240003e0   COMPRESSED   0x00000004   Data   RW          115    .data..compoundliteral.75  network.o
    0x240003e4   COMPRESSED   0x0000000c   Data   RW          116    .data..compoundliteral.76  network.o
    0x240003f0   COMPRESSED   0x00000030   Data   RW          118    .data..compoundliteral.78  network.o
    0x24000420   COMPRESSED   0x00000010   Data   RW          119    .data..compoundliteral.79  network.o
    0x24000430   COMPRESSED   0x00000004   Data   RW           38    .data..compoundliteral.8  network.o
    0x24000434   COMPRESSED   0x00000010   Data   RW          120    .data..compoundliteral.80  network.o
    0x24000444   COMPRESSED   0x00000010   Data   RW          122    .data..compoundliteral.82  network.o
    0x24000454   COMPRESSED   0x00000010   Data   RW          123    .data..compoundliteral.83  network.o
    0x24000464   COMPRESSED   0x00000010   Data   RW          125    .data..compoundliteral.85  network.o
    0x24000474   COMPRESSED   0x00000010   Data   RW          126    .data..compoundliteral.86  network.o
    0x24000484   COMPRESSED   0x00000010   Data   RW          128    .data..compoundliteral.88  network.o
    0x24000494   COMPRESSED   0x00000010   Data   RW          129    .data..compoundliteral.89  network.o
    0x240004a4   COMPRESSED   0x00000004   Data   RW          131    .data..compoundliteral.91  network.o
    0x240004a8   COMPRESSED   0x00000004   Data   RW          132    .data..compoundliteral.92  network.o
    0x240004ac   COMPRESSED   0x0000000c   Data   RW          133    .data..compoundliteral.93  network.o
    0x240004b8   COMPRESSED   0x00000030   Data   RW          135    .data..compoundliteral.95  network.o
    0x240004e8   COMPRESSED   0x00000010   Data   RW          136    .data..compoundliteral.96  network.o
    0x240004f8   COMPRESSED   0x00000010   Data   RW          137    .data..compoundliteral.97  network.o
    0x24000508   COMPRESSED   0x00000010   Data   RW          139    .data..compoundliteral.99  network.o
    0x24000518   COMPRESSED   0x0000001c   Data   RW          130    .data.conv1d_1_conv2d_bias  network.o
    0x24000534   COMPRESSED   0x00000040   Data   RW           62    .data.conv1d_1_conv2d_layer  network.o
    0x24000574   COMPRESSED   0x0000001c   Data   RW          124    .data.conv1d_1_conv2d_output  network.o
    0x24000590   COMPRESSED   0x0000001c   Data   RW          107    .data.conv1d_1_conv2d_output0  network.o
    0x240005ac   COMPRESSED   0x0000001c   Data   RW          127    .data.conv1d_1_conv2d_weights  network.o
    0x240005c8   COMPRESSED   0x0000001c   Data   RW          142    .data.conv1d_conv2d_bias  network.o
    0x240005e4   COMPRESSED   0x00000010   Data   RW          141    .data.conv1d_conv2d_bias_array  network.o
    0x240005f4   COMPRESSED   0x00000040   Data   RW           58    .data.conv1d_conv2d_layer  network.o
    0x24000634   COMPRESSED   0x0000001c   Data   RW          121    .data.conv1d_conv2d_output  network.o
    0x24000650   COMPRESSED   0x0000001c   Data   RW          138    .data.conv1d_conv2d_weights  network.o
    0x2400066c   COMPRESSED   0x00000004   Data   RW          576    .data.data_activations0  app_x-cube-ai.o
    0x24000670   COMPRESSED   0x00000004   Data   RW          572    .data.data_ins      app_x-cube-ai.o
    0x24000674   COMPRESSED   0x00000004   Data   RW          574    .data.data_outs     app_x-cube-ai.o
    0x24000678   COMPRESSED   0x0000001c   Data   RW           91    .data.dense_1_dense_bias  network.o
    0x24000694   COMPRESSED   0x0000001c   Data   RW           65    .data.dense_1_dense_layer  network.o
    0x240006b0   COMPRESSED   0x0000001c   Data   RW           77    .data.dense_1_dense_output  network.o
    0x240006cc   COMPRESSED   0x0000001c   Data   RW           88    .data.dense_1_dense_weights  network.o
    0x240006e8   COMPRESSED   0x00000020   Data   RW           67    .data.dense_1_layer  network.o
    0x24000708   COMPRESSED   0x0000001c   Data   RW           55    .data.dense_1_output  network.o
    0x24000724   COMPRESSED   0x0000001c   Data   RW          113    .data.dense_dense_bias  network.o
    0x24000740   COMPRESSED   0x0000001c   Data   RW           59    .data.dense_dense_layer  network.o
    0x2400075c   COMPRESSED   0x0000001c   Data   RW           99    .data.dense_dense_output  network.o
    0x24000778   COMPRESSED   0x0000001c   Data   RW          110    .data.dense_dense_weights  network.o
    0x24000794   COMPRESSED   0x00000020   Data   RW           63    .data.dense_layer   network.o
    0x240007b4   COMPRESSED   0x0000001c   Data   RW           85    .data.dense_output  network.o
    0x240007d0   COMPRESSED   0x0000004c   Data   RW           49    .data.g_network     network.o
    0x2400081c   COMPRESSED   0x0000001c   Data   RW          163    .data.g_network_data_map_activations  network_data.o
    0x24000838   COMPRESSED   0x0000001c   Data   RW          165    .data.g_network_data_map_weights  network_data.o
    0x24000854   COMPRESSED   0x0000001c   Data   RW           52    .data.input_0_output  network.o
    0x24000870   COMPRESSED   0x0000003c   Data   RW          272    .data.pbCmdFuncTab  aivalidation.o
    0x240008ac   COMPRESSED   0x00000014   PAD
    0x240008c0        -       0x00000060   Zero   RW         2930    .bss                c_w.l(libspace.o)
    0x24000920        -       0x00000025   Zero   RW          199    .bss..L_MergedGlobals  aipbio.o
    0x24000945   COMPRESSED   0x00000003   PAD
    0x24000948        -       0x00000008   Zero   RW          145    .bss..L_MergedGlobals.103  network.o
    0x24000950        -       0x0000001c   Zero   RW           40    .bss..compoundliteral.10  network.o
    0x2400096c        -       0x00000008   Zero   RW           41    .bss..compoundliteral.11  network.o
    0x24000974        -       0x00000010   Zero   RW           44    .bss..compoundliteral.14  network.o
    0x24000984        -       0x0000001c   Zero   RW           45    .bss..compoundliteral.15  network.o
    0x240009a0        -       0x00000008   Zero   RW           46    .bss..compoundliteral.16  network.o
    0x240009a8        -       0x00000010   Zero   RW           57    .bss..compoundliteral.26  network.o
    0x240009b8        -       0x00000010   Zero   RW           61    .bss..compoundliteral.28  network.o
    0x240009c8        -       0x00000004   Zero   RW           72    .bss..compoundliteral.32  network.o
    0x240009cc        -       0x00000004   Zero   RW           73    .bss..compoundliteral.33  network.o
    0x240009d0        -       0x00000004   Zero   RW           81    .bss..compoundliteral.41  network.o
    0x240009d4        -       0x00000004   Zero   RW           94    .bss..compoundliteral.54  network.o
    0x240009d8        -       0x00000004   Zero   RW           95    .bss..compoundliteral.55  network.o
    0x240009dc        -       0x00000004   Zero   RW          103    .bss..compoundliteral.63  network.o
    0x240009e0        -       0x00000004   Zero   RW          117    .bss..compoundliteral.77  network.o
    0x240009e4        -       0x00000010   Zero   RW           39    .bss..compoundliteral.9  network.o
    0x240009f4        -       0x00000004   Zero   RW          134    .bss..compoundliteral.94  network.o
    0x240009f8        -       0x00000001   Zero   RW          499    .bss._ioWriteAllowed  aitestutility.o
    0x240009f9   COMPRESSED   0x00000003   PAD
    0x240009fc        -       0x0000000c   Zero   RW          502    .bss.cyclesCount    aitestutility.o
    0x24000a08        -       0x00000001   Zero   RW          571    .bss.data_in_1      app_x-cube-ai.o
    0x24000a09   COMPRESSED   0x00000003   PAD
    0x24000a0c        -       0x00000001   Zero   RW          573    .bss.data_out_1     app_x-cube-ai.o
    0x24000a0d   COMPRESSED   0x00000003   PAD
    0x24000a10        -       0x00000040   Zero   RW          579    .bss.gnetworks      app_x-cube-ai.o
    0x24000a50        -       0x00000024   Zero   RW          617    .bss.hcrc           crc.o
    0x24000a74        -       0x00000090   Zero   RW          632    .bss.huart1         usart.o
    0x24000b04        -       0x00000084   Zero   RW          270    .bss.net_exec_ctx   aivalidation.o
    0x24000b88        -       0x00000040   Zero   RW          273    .bss.net_obs_ctx    aivalidation.o
    0x24000bc8        -       0x00000021   Zero   RW          198    .bss.o_packet       aipbio.o
    0x24000be9   COMPRESSED   0x00000003   PAD
    0x24000bec        -       0x00000290   Zero   RW          248    .bss.pbContextMgr   aipbmgr.o
    0x24000e7c   COMPRESSED   0x00000004   PAD
    0x24000e80        -       0x000006ac   Zero   RW          575    .bss.pool0          app_x-cube-ai.o
    0x2400152c        -       0x00000004   Zero   RW         1311    .bss.uwTick         stm32h7xx_hal.o
    0x24001530        -       0x00000800   Zero   RW            2    HEAP                startup_stm32h743xx.o
    0x24001d30        -       0x00000800   Zero   RW            1    STACK               startup_stm32h743xx.o


==============================================================================

Image component sizes


      Code (inc. data)   RO Data    RW Data    ZI Data      Debug   Object Name

       602          0          0          0         70       4201   aipbio.o
      2728          0          0          0        656      21774   aipbmgr.o
      1712        424        274          0          0       5078   aitesthelper.o
       950        144        281          0         13      10912   aitestutility.o
      3134        280        332         60        196      19205   aivalidation.o
       554          0         44         12       1774       9056   app_x-cube-ai.o
        96          0          0          0         36       3734   crc.o
        50          0          0          0          0       2231   gpio.o
      1658        182          7          0          0       6890   lc_print.o
       620          0          0          0          0       6376   main.o
       548          0        135       2044        176      12847   network.o
        56          0         16         88          0       3361   network_data.o
         0          0      48304          0          0        800   network_data_params.o
       392          0          0          0          0       3025   pb_common.o
      4994        204        221          0          0      30594   pb_decode.o
      3292        210         41          0          0      23530   pb_encode.o
        64         26        664          0       4096        868   startup_stm32h743xx.o
       292          0          0          8          4      14979   stm32h7xx_hal.o
       170          0          0          0          0      12287   stm32h7xx_hal_cortex.o
       126          0          0          0          0       8057   stm32h7xx_hal_crc.o
       140          4          0          0          0       2877   stm32h7xx_hal_crc_ex.o
       486          0          0          0          0       7111   stm32h7xx_hal_gpio.o
        32          0          0          0          0       2230   stm32h7xx_hal_msp.o
        76          0          0          0          0      10622   stm32h7xx_hal_pwr_ex.o
      2558         16          0          0          0      11746   stm32h7xx_hal_rcc.o
      4574        172          0          0          0      19779   stm32h7xx_hal_rcc_ex.o
      2650        332         36          0          0      42797   stm32h7xx_hal_uart.o
       342          0         16          0          0      11319   stm32h7xx_hal_uart_ex.o
        20          0          0          0          0       1163   stm32h7xx_it.o
         0          0       1196          0          0       2255   stm32msg.pb.o
       204          0         16          8          0       5933   system_stm32h7xx.o
       256          0          0          0        144       8089   usart.o

    ----------------------------------------------------------------------
     33828       2046      51632       2220       7204     325726   Object Totals
         0          0         32          0          0          0   (incl. Generated)
       452         52         17          0         39          0   (incl. Padding)

    ----------------------------------------------------------------------

      Code (inc. data)   RO Data    RW Data    ZI Data      Debug   Library Member Name

       390         54          0          0          0        368   ai_datatypes_format.o
       108          6          0          0          0        476   ai_datatypes_internal.o
       174          8          0          0          0        484   ai_platform.o
      3360        164        108          0          0       4152   ai_platform_interface.o
        42          0          0          0          0        348   core_common.o
       278          6          0          0          0        756   layers.o
      3882         40          0          0          0       1912   layers_conv2d_generic_float.o
       842         22          0          0          0       1076   layers_nl_generic_float.o
        90          0          0          0          0          0   __dczerorl2.o
         8          0          0          0          0         68   __main.o
         0          0          0          0          0          0   __rtentry.o
        12          0          0          0          0          0   __rtentry2.o
         6          0          0          0          0          0   __rtentry4.o
        52          8          0          0          0          0   __scatter.o
        28          0          0          0          0          0   __scatter_zi.o
        22          0          0          0          0        100   _rserrno.o
        16          0          0          0          0         68   aeabi_memset.o
        10          0          0          0          0         68   defsig_exit.o
        50          0          0          0          0         88   defsig_general.o
        80         58          0          0          0         76   defsig_rtmem_inner.o
        14          0          0          0          0         80   defsig_rtmem_outer.o
        18          0          0          0          0         80   exit.o
        94          0          0          0          0         80   h1_alloc.o
        52          0          0          0          0         68   h1_extend.o
        78          0          0          0          0         80   h1_free.o
        14          0          0          0          0         84   h1_init.o
         6          0          0          0          0        152   heapauxi.o
         4          0          0          0          0        136   hguard.o
         0          0          0          0          0          0   indicate_semi.o
       138          0          0          0          0        168   init_alloc.o
         2          0          0          0          0          0   libinit.o
        14          0          0          0          0          0   libinit2.o
         2          0          0          0          0          0   libshutdown.o
         2          0          0          0          0          0   libshutdown2.o
         8          4          0          0         96         68   libspace.o
       240          0          0          0          0        100   lludivv7m.o
         0          0          0          0          0          0   maybetermalloc1.o
        88          0          0          0          0         76   memcmp.o
         8          4          0          0          0         68   rt_errno_addr_intlibspace.o
         8          4          0          0          0         68   rt_heap_descriptor_intlibspace.o
        68          0          0          0          0         68   rt_memclr.o
        78          0          0          0          0         80   rt_memclr_w.o
       138          0          0          0          0         68   rt_memcpy_v6.o
       100          0          0          0          0         80   rt_memcpy_w.o
         2          0          0          0          0          0   rtexit.o
        10          0          0          0          0          0   rtexit2.o
        62          0          0          0          0         76   strlen.o
       150          0          0          0          0         80   strncmp.o
        12          4          0          0          0         68   sys_exit.o
        74          0          0          0          0         80   sys_stackheap_outer.o
        14          0          0          0          0         76   sys_wrch.o
         2          0          0          0          0         68   use_no_semi.o
       120          4          0          0          0        152   dfixull.o
       156          4          0          0          0        140   dnaninf.o
        96          0          0          0          0        132   ffltll_clz.o
        26          0          0          0          0        116   fpinit.o
         0          0          0          0          0          0   usenofp.o
       492         62         48          0          0        236   expf.o
        38          0          0          0          0        116   fpclassifyf.o
        38         12          0          0          0        348   funder.o

    ----------------------------------------------------------------------
     11956        464        160          0         96      13332   Library Totals
        40          0          4          0          0          0   (incl. Padding)

    ----------------------------------------------------------------------

      Code (inc. data)   RO Data    RW Data    ZI Data      Debug   Library Name

      9076        300        108          0          0       9572   NetworkRuntime720_CM7_Keil.lib
      1874         82          0          0         96       2520   c_w.l
       398          8          0          0          0        540   fz_wv.l
       568         74         48          0          0        700   m_wv.l

    ----------------------------------------------------------------------
     11956        464        160          0         96      13332   Library Totals

    ----------------------------------------------------------------------

==============================================================================


      Code (inc. data)   RO Data    RW Data    ZI Data      Debug   

     45784       2510      51792       2220       7300     329494   Grand Totals
     45784       2510      51792        832       7300     329494   ELF Image Totals (compressed)
     45784       2510      51792        832          0          0   ROM Totals

==============================================================================

    Total RO  Size (Code + RO Data)                97576 (  95.29kB)
    Total RW  Size (RW Data + ZI Data)              9520 (   9.30kB)
    Total ROM Size (Code + RO Data + RW Data)      98408 (  96.10kB)

==============================================================================

